Archive member included to satisfy reference by file (symbol)

c:/users/hviei/appdata/roaming/xpacks/@xpack-dev-tools/arm-none-eabi-gcc/9.3.1-1.2.1/.content/bin/../lib/gcc/arm-none-eabi/9.3.1/thumb/v7-m/nofp\libgcc.a(_aeabi_uldivmod.o)
                              ./Libraries/STM32F4xx_HAL_Driver/Src/stm32f4xx_hal_rcc.o (__aeabi_uldivmod)
c:/users/hviei/appdata/roaming/xpacks/@xpack-dev-tools/arm-none-eabi-gcc/9.3.1-1.2.1/.content/bin/../lib/gcc/arm-none-eabi/9.3.1/thumb/v7-m/nofp\libgcc.a(_udivmoddi4.o)
                              c:/users/hviei/appdata/roaming/xpacks/@xpack-dev-tools/arm-none-eabi-gcc/9.3.1-1.2.1/.content/bin/../lib/gcc/arm-none-eabi/9.3.1/thumb/v7-m/nofp\libgcc.a(_aeabi_uldivmod.o) (__udivmoddi4)
c:/users/hviei/appdata/roaming/xpacks/@xpack-dev-tools/arm-none-eabi-gcc/9.3.1-1.2.1/.content/bin/../lib/gcc/arm-none-eabi/9.3.1/thumb/v7-m/nofp\libgcc.a(_dvmd_tls.o)
                              c:/users/hviei/appdata/roaming/xpacks/@xpack-dev-tools/arm-none-eabi-gcc/9.3.1-1.2.1/.content/bin/../lib/gcc/arm-none-eabi/9.3.1/thumb/v7-m/nofp\libgcc.a(_aeabi_uldivmod.o) (__aeabi_ldiv0)
c:/users/hviei/appdata/roaming/xpacks/@xpack-dev-tools/arm-none-eabi-gcc/9.3.1-1.2.1/.content/bin/../lib/gcc/arm-none-eabi/9.3.1/../../../../arm-none-eabi/lib/thumb/v7-m/nofp\libg_nano.a(lib_a-exit.o)
                              c:/users/hviei/appdata/roaming/xpacks/@xpack-dev-tools/arm-none-eabi-gcc/9.3.1-1.2.1/.content/bin/../lib/gcc/arm-none-eabi/9.3.1/../../../../arm-none-eabi/lib/thumb/v7-m/nofp/crt0.o (exit)
c:/users/hviei/appdata/roaming/xpacks/@xpack-dev-tools/arm-none-eabi-gcc/9.3.1-1.2.1/.content/bin/../lib/gcc/arm-none-eabi/9.3.1/../../../../arm-none-eabi/lib/thumb/v7-m/nofp\libg_nano.a(lib_a-impure.o)
                              c:/users/hviei/appdata/roaming/xpacks/@xpack-dev-tools/arm-none-eabi-gcc/9.3.1-1.2.1/.content/bin/../lib/gcc/arm-none-eabi/9.3.1/../../../../arm-none-eabi/lib/thumb/v7-m/nofp\libg_nano.a(lib_a-exit.o) (_global_impure_ptr)
c:/users/hviei/appdata/roaming/xpacks/@xpack-dev-tools/arm-none-eabi-gcc/9.3.1-1.2.1/.content/bin/../lib/gcc/arm-none-eabi/9.3.1/../../../../arm-none-eabi/lib/thumb/v7-m/nofp\libg_nano.a(lib_a-init.o)
                              c:/users/hviei/appdata/roaming/xpacks/@xpack-dev-tools/arm-none-eabi-gcc/9.3.1-1.2.1/.content/bin/../lib/gcc/arm-none-eabi/9.3.1/../../../../arm-none-eabi/lib/thumb/v7-m/nofp/crt0.o (__libc_init_array)
c:/users/hviei/appdata/roaming/xpacks/@xpack-dev-tools/arm-none-eabi-gcc/9.3.1-1.2.1/.content/bin/../lib/gcc/arm-none-eabi/9.3.1/../../../../arm-none-eabi/lib/thumb/v7-m/nofp\libg_nano.a(lib_a-memcpy-stub.o)
                              ./FreeRTOS/Source/queue.o (memcpy)
c:/users/hviei/appdata/roaming/xpacks/@xpack-dev-tools/arm-none-eabi-gcc/9.3.1-1.2.1/.content/bin/../lib/gcc/arm-none-eabi/9.3.1/../../../../arm-none-eabi/lib/thumb/v7-m/nofp\libg_nano.a(lib_a-memset.o)
                              c:/users/hviei/appdata/roaming/xpacks/@xpack-dev-tools/arm-none-eabi-gcc/9.3.1-1.2.1/.content/bin/../lib/gcc/arm-none-eabi/9.3.1/../../../../arm-none-eabi/lib/thumb/v7-m/nofp/crt0.o (memset)
c:/users/hviei/appdata/roaming/xpacks/@xpack-dev-tools/arm-none-eabi-gcc/9.3.1-1.2.1/.content/bin/../lib/gcc/arm-none-eabi/9.3.1/../../../../arm-none-eabi/lib/thumb/v7-m/nofp\libg_nano.a(lib_a-strlen.o)
                              ./system/src/diag/Trace.o (strlen)
c:/users/hviei/appdata/roaming/xpacks/@xpack-dev-tools/arm-none-eabi-gcc/9.3.1-1.2.1/.content/bin/../lib/gcc/arm-none-eabi/9.3.1/../../../../arm-none-eabi/lib/thumb/v7-m/nofp\libg_nano.a(lib_a-vsnprintf.o)
                              ./system/src/diag/Trace.o (vsnprintf)
c:/users/hviei/appdata/roaming/xpacks/@xpack-dev-tools/arm-none-eabi-gcc/9.3.1-1.2.1/.content/bin/../lib/gcc/arm-none-eabi/9.3.1/../../../../arm-none-eabi/lib/thumb/v7-m/nofp\libg_nano.a(lib_a-nano-svfprintf.o)
                              c:/users/hviei/appdata/roaming/xpacks/@xpack-dev-tools/arm-none-eabi-gcc/9.3.1-1.2.1/.content/bin/../lib/gcc/arm-none-eabi/9.3.1/../../../../arm-none-eabi/lib/thumb/v7-m/nofp\libg_nano.a(lib_a-vsnprintf.o) (_svfprintf_r)
c:/users/hviei/appdata/roaming/xpacks/@xpack-dev-tools/arm-none-eabi-gcc/9.3.1-1.2.1/.content/bin/../lib/gcc/arm-none-eabi/9.3.1/../../../../arm-none-eabi/lib/thumb/v7-m/nofp\libg_nano.a(lib_a-nano-vfprintf_i.o)
                              c:/users/hviei/appdata/roaming/xpacks/@xpack-dev-tools/arm-none-eabi-gcc/9.3.1-1.2.1/.content/bin/../lib/gcc/arm-none-eabi/9.3.1/../../../../arm-none-eabi/lib/thumb/v7-m/nofp\libg_nano.a(lib_a-nano-svfprintf.o) (_printf_i)
c:/users/hviei/appdata/roaming/xpacks/@xpack-dev-tools/arm-none-eabi-gcc/9.3.1-1.2.1/.content/bin/../lib/gcc/arm-none-eabi/9.3.1/../../../../arm-none-eabi/lib/thumb/v7-m/nofp\libg_nano.a(lib_a-memchr-stub.o)
[...]
Memory Configuration

Name             Origin             Length             Attributes
FLASH            0x0000000008000000 0x0000000000100000 xr
RAM              0x0000000020000000 0x0000000000020000 xrw
CCMRAM           0x0000000010000000 0x0000000000010000 rw
*default*        0x0000000000000000 0xffffffffffffffff

Linker script and memory map

LOAD c:/users/hviei/appdata/roaming/xpacks/@xpack-dev-tools/arm-none-eabi-gcc/9.3.1-1.2.1/.content/bin/../lib/gcc/arm-none-eabi/9.3.1/thumb/v7-m/nofp/crti.o
LOAD c:/users/hviei/appdata/roaming/xpacks/@xpack-dev-tools/arm-none-eabi-gcc/9.3.1-1.2.1/.content/bin/../lib/gcc/arm-none-eabi/9.3.1/thumb/v7-m/nofp/crtbegin.o
LOAD c:/users/hviei/appdata/roaming/xpacks/@xpack-dev-tools/arm-none-eabi-gcc/9.3.1-1.2.1/.content/bin/../lib/gcc/arm-none-eabi/9.3.1/../../../../arm-none-eabi/lib/thumb/v7-m/nofp/crt0.o
LOAD ./system/src/diag/Trace.o
LOAD ./system/src/diag/trace_impl.o
LOAD ./Libraries/STM32F4xx_HAL_Driver/Src/stm32f4xx_hal.o
LOAD ./Libraries/STM32F4xx_HAL_Driver/Src/stm32f4xx_hal_cortex.o
LOAD ./Libraries/STM32F4xx_HAL_Driver/Src/stm32f4xx_hal_gpio.o
LOAD ./Libraries/STM32F4xx_HAL_Driver/Src/stm32f4xx_hal_rcc.o
LOAD ./Libraries/STM32F4xx_HAL_Driver/Src/stm32f4xx_hal_rcc_ex.o
LOAD ./FreeRTOS/Source/portable/GCC/MemMang/heap_2.o
LOAD ./FreeRTOS/Source/portable/GCC/ARM_CM3/port.o
LOAD ./FreeRTOS/Source/list.o
LOAD ./FreeRTOS/Source/queue.o
LOAD ./FreeRTOS/Source/tasks.o
LOAD ./FreeRTOS/Source/timers.o
LOAD ./mutex_FreeRTOS_qemu.o
LOAD ./startup_stm32f407xx.o
LOAD ./stm32f4_discovery.o
LOAD ./system_stm32f4xx.o
START GROUP
LOAD c:/users/hviei/appdata/roaming/xpacks/@xpack-dev-tools/arm-none-eabi-gcc/9.3.1-1.2.1/.content/bin/../lib/gcc/arm-none-eabi/9.3.1/thumb/v7-m/nofp\libgcc.a
LOAD c:/users/hviei/appdata/roaming/xpacks/@xpack-dev-tools/arm-none-eabi-gcc/9.3.1-1.2.1/.content/bin/../lib/gcc/arm-none-eabi/9.3.1/../../../../arm-none-eabi/lib/thumb/v7-m/nofp\libg_nano.a
LOAD c:/users/hviei/appdata/roaming/xpacks/@xpack-dev-tools/arm-none-eabi-gcc/9.3.1-1.2.1/.content/bin/../lib/gcc/arm-none-eabi/9.3.1/../../../../arm-none-eabi/lib/thumb/v7-m/nofp\libc_nano.a
END GROUP
START GROUP
LOAD c:/users/hviei/appdata/roaming/xpacks/@xpack-dev-tools/arm-none-eabi-gcc/9.3.1-1.2.1/.content/bin/../lib/gcc/arm-none-eabi/9.3.1/thumb/v7-m/nofp\libgcc.a
LOAD c:/users/hviei/appdata/roaming/xpacks/@xpack-dev-tools/arm-none-eabi-gcc/9.3.1-1.2.1/.content/bin/../lib/gcc/arm-none-eabi/9.3.1/../../../../arm-none-eabi/lib/thumb/v7-m/nofp\libc_nano.a
END GROUP
LOAD c:/users/hviei/appdata/roaming/xpacks/@xpack-dev-tools/arm-none-eabi-gcc/9.3.1-1.2.1/.content/bin/../lib/gcc/arm-none-eabi/9.3.1/thumb/v7-m/nofp/crtend.o
LOAD c:/users/hviei/appdata/roaming/xpacks/@xpack-dev-tools/arm-none-eabi-gcc/9.3.1-1.2.1/.content/bin/../lib/gcc/arm-none-eabi/9.3.1/thumb/v7-m/nofp/crtn.o
                0x0000000020020000                _estack = 0x20020000
                0x0000000000000200                _Min_Heap_Size = 0x200
                0x0000000000000400                _Min_Stack_Size = 0x400

.isr_vector     0x0000000008000000      0x188
                0x0000000008000000                . = ALIGN (0x4)
 *(.isr_vector)
 .isr_vector    0x0000000008000000      0x188 ./startup_stm32f407xx.o
                0x0000000008000000                g_pfnVectors
                0x0000000008000188                . = ALIGN (0x4)

.text           0x0000000008000190     0x3150
                0x0000000008000190                . = ALIGN (0x4)
 *(.text)
 .text          0x0000000008000190       0x10 c:/users/hviei/appdata/roaming/xpacks/@xpack-dev-tools/arm-none-eabi-gcc/9.3.1-1.2.1/.content/bin/../lib/gcc/arm-none-eabi/9.3.1/../../../../arm-none-eabi/lib/thumb/v7-m/nofp\libg_nano.a(lib_a-strlen.o)
                0x0000000008000190                strlen
 *(.text*)
 .text.__do_global_dtors_aux
                0x00000000080001a0       0x24 c:/users/hviei/appdata/roaming/xpacks/@xpack-dev-tools/arm-none-eabi-gcc/9.3.1-1.2.1/.content/bin/../lib/gcc/arm-none-eabi/9.3.1/thumb/v7-m/nofp/crtbegin.o
 .text.frame_dummy
                0x00000000080001c4       0x1c c:/users/hviei/appdata/roaming/xpacks/@xpack-dev-tools/arm-none-eabi-gcc/9.3.1-1.2.1/.content/bin/../lib/gcc/arm-none-eabi/9.3.1/thumb/v7-m/nofp/crtbegin.o
 .text.trace_puts
                0x00000000080001e0       0x30 ./system/src/diag/Trace.o
                0x00000000080001e0                trace_puts
 .text.trace_write
                0x0000000008000210       0x1c ./system/src/diag/trace_impl.o
                0x0000000008000210                trace_write
 .text._trace_write_semihosting_debug
                0x000000000800022c       0xaa ./system/src/diag/trace_impl.o
 *fill*         0x00000000080002d6        0x2 
 .text.HAL_GPIO_Init
                0x00000000080002d8      0x334 ./Libraries/STM32F4xx_HAL_Driver/Src/stm32f4xx_hal_gpio.o
                0x00000000080002d8                HAL_GPIO_Init
 .text.HAL_GPIO_WritePin
                0x000000000800060c       0x30 ./Libraries/STM32F4xx_HAL_Driver/Src/stm32f4xx_hal_gpio.o
                0x000000000800060c                HAL_GPIO_WritePin
 .text.HAL_GPIO_TogglePin
                0x000000000800063c       0x34 ./Libraries/STM32F4xx_HAL_Driver/Src/stm32f4xx_hal_gpio.o
                0x000000000800063c                HAL_GPIO_TogglePin
 .text.pvPortMalloc
                0x0000000008000670      0x11c ./FreeRTOS/Source/portable/GCC/MemMang/heap_2.o
                0x0000000008000670                pvPortMalloc
 .text.vPortFree
                0x000000000800078c       0x74 ./FreeRTOS/Source/portable/GCC/MemMang/heap_2.o
                0x000000000800078c                vPortFree
 .text.prvHeapInit
                0x0000000008000800       0x50 ./FreeRTOS/Source/portable/GCC/MemMang/heap_2.o
 .text.pxPortInitialiseStack
                0x0000000008000850       0x58 ./FreeRTOS/Source/portable/GCC/ARM_CM3/port.o
                0x0000000008000850                pxPortInitialiseStack
 .text.prvTaskExitError
                0x00000000080008a8       0x58 ./FreeRTOS/Source/portable/GCC/ARM_CM3/port.o
 .text.SVC_Handler
                0x0000000008000900       0x28 ./FreeRTOS/Source/portable/GCC/ARM_CM3/port.o
                0x0000000008000900                SVC_Handler
 .text.prvPortStartFirstTask
                0x0000000008000928       0x24 ./FreeRTOS/Source/portable/GCC/ARM_CM3/port.o
 .text.xPortStartScheduler
                0x000000000800094c       0xc0 ./FreeRTOS/Source/portable/GCC/ARM_CM3/port.o
                0x000000000800094c                xPortStartScheduler
 .text.vPortEnterCritical
                0x0000000008000a0c       0x60 ./FreeRTOS/Source/portable/GCC/ARM_CM3/port.o
                0x0000000008000a0c                vPortEnterCritical
 .text.vPortExitCritical
                0x0000000008000a6c       0x50 ./FreeRTOS/Source/portable/GCC/ARM_CM3/port.o
                0x0000000008000a6c                vPortExitCritical
 *fill*         0x0000000008000abc        0x4 
 .text.PendSV_Handler
                0x0000000008000ac0       0x48 ./FreeRTOS/Source/portable/GCC/ARM_CM3/port.o
                0x0000000008000ac0                PendSV_Handler
 .text.SysTick_Handler
                0x0000000008000b08       0x44 ./FreeRTOS/Source/portable/GCC/ARM_CM3/port.o
                0x0000000008000b08                SysTick_Handler
 .text.vPortSetupTimerInterrupt
                0x0000000008000b4c       0x44 ./FreeRTOS/Source/portable/GCC/ARM_CM3/port.o
                0x0000000008000b4c                vPortSetupTimerInterrupt
 .text.vPortValidateInterruptPriority
                0x0000000008000b90       0x7c ./FreeRTOS/Source/portable/GCC/ARM_CM3/port.o
                0x0000000008000b90                vPortValidateInterruptPriority
 .text.vListInitialise
                0x0000000008000c0c       0x3e ./FreeRTOS/Source/list.o
                0x0000000008000c0c                vListInitialise
 .text.vListInitialiseItem
                0x0000000008000c4a       0x18 ./FreeRTOS/Source/list.o
                0x0000000008000c4a                vListInitialiseItem
 .text.vListInsertEnd
                0x0000000008000c62       0x46 ./FreeRTOS/Source/list.o
                0x0000000008000c62                vListInsertEnd
 .text.vListInsert
                0x0000000008000ca8       0x70 ./FreeRTOS/Source/list.o
                0x0000000008000ca8                vListInsert
 .text.uxListRemove
                0x0000000008000d18       0x52 ./FreeRTOS/Source/list.o
                0x0000000008000d18                uxListRemove
 *fill*         0x0000000008000d6a        0x2 
 .text.xQueueGenericReset
                0x0000000008000d6c       0xd0 ./FreeRTOS/Source/queue.o
                0x0000000008000d6c                xQueueGenericReset
 .text.xQueueGenericCreate
                0x0000000008000e3c       0xa0 ./FreeRTOS/Source/queue.o
                0x0000000008000e3c                xQueueGenericCreate
 .text.prvInitialiseNewQueue
                0x0000000008000edc       0x46 ./FreeRTOS/Source/queue.o
 .text.prvInitialiseMutex
                0x0000000008000f22       0x34 ./FreeRTOS/Source/queue.o
 .text.xQueueCreateMutex
                0x0000000008000f56       0x30 ./FreeRTOS/Source/queue.o
                0x0000000008000f56                xQueueCreateMutex
 *fill*         0x0000000008000f86        0x2 
 .text.xQueueGenericSend
                0x0000000008000f88      0x1fc ./FreeRTOS/Source/queue.o
                0x0000000008000f88                xQueueGenericSend
 .text.xQueueGenericSendFromISR
                0x0000000008001184      0x154 ./FreeRTOS/Source/queue.o
                0x0000000008001184                xQueueGenericSendFromISR
 .text.xQueueReceive
                0x00000000080012d8      0x1c0 ./FreeRTOS/Source/queue.o
                0x00000000080012d8                xQueueReceive
 .text.xQueueSemaphoreTake
                0x0000000008001498      0x218 ./FreeRTOS/Source/queue.o
                0x0000000008001498                xQueueSemaphoreTake
 .text.prvGetDisinheritPriorityAfterTimeout
                0x00000000080016b0       0x2e ./FreeRTOS/Source/queue.o
 .text.prvCopyDataToQueue
                0x00000000080016de       0xd4 ./FreeRTOS/Source/queue.o
 .text.prvCopyDataFromQueue
                0x00000000080017b2       0x4c ./FreeRTOS/Source/queue.o
 .text.prvUnlockQueue
                0x00000000080017fe       0xa4 ./FreeRTOS/Source/queue.o
 .text.prvIsQueueEmpty
                0x00000000080018a2       0x2c ./FreeRTOS/Source/queue.o
 .text.prvIsQueueFull
                0x00000000080018ce       0x30 ./FreeRTOS/Source/queue.o
 *fill*         0x00000000080018fe        0x2 
 .text.vQueueAddToRegistry
                0x0000000008001900       0x50 ./FreeRTOS/Source/queue.o
                0x0000000008001900                vQueueAddToRegistry
 .text.vQueueWaitForMessageRestricted
                0x0000000008001950       0x68 ./FreeRTOS/Source/queue.o
                0x0000000008001950                vQueueWaitForMessageRestricted
 .text.xTaskCreate
                0x00000000080019b8       0x82 ./FreeRTOS/Source/tasks.o
                0x00000000080019b8                xTaskCreate
 .text.prvInitialiseNewTask
                0x0000000008001a3a      0x130 ./FreeRTOS/Source/tasks.o
 *fill*         0x0000000008001b6a        0x2 
 .text.prvAddNewTaskToReadyList
                0x0000000008001b6c       0xe0 ./FreeRTOS/Source/tasks.o
 .text.vTaskDelayUntil
                0x0000000008001c4c       0xfc ./FreeRTOS/Source/tasks.o
                0x0000000008001c4c                vTaskDelayUntil
 .text.vTaskStartScheduler
                0x0000000008001d48       0x9c ./FreeRTOS/Source/tasks.o
                0x0000000008001d48                vTaskStartScheduler
 .text.vTaskSuspendAll
                0x0000000008001de4       0x1c ./FreeRTOS/Source/tasks.o
                0x0000000008001de4                vTaskSuspendAll
 .text.xTaskResumeAll
                0x0000000008001e00      0x13c ./FreeRTOS/Source/tasks.o
                0x0000000008001e00                xTaskResumeAll
 .text.xTaskGetTickCount
                0x0000000008001f3c       0x1c ./FreeRTOS/Source/tasks.o
                0x0000000008001f3c                xTaskGetTickCount
 .text.xTaskIncrementTick
                0x0000000008001f58      0x174 ./FreeRTOS/Source/tasks.o
                0x0000000008001f58                xTaskIncrementTick
 .text.vTaskSwitchContext
                0x00000000080020cc       0xb8 ./FreeRTOS/Source/tasks.o
                0x00000000080020cc                vTaskSwitchContext
 .text.vTaskPlaceOnEventList
                0x0000000008002184       0x48 ./FreeRTOS/Source/tasks.o
                0x0000000008002184                vTaskPlaceOnEventList
 .text.vTaskPlaceOnEventListRestricted
                0x00000000080021cc       0x58 ./FreeRTOS/Source/tasks.o
                0x00000000080021cc                vTaskPlaceOnEventListRestricted
 .text.xTaskRemoveFromEventList
                0x0000000008002224       0xc8 ./FreeRTOS/Source/tasks.o
                0x0000000008002224                xTaskRemoveFromEventList
 .text.vTaskInternalSetTimeOutState
                0x00000000080022ec       0x2c ./FreeRTOS/Source/tasks.o
                0x00000000080022ec                vTaskInternalSetTimeOutState
 .text.xTaskCheckForTimeOut
                0x0000000008002318       0xcc ./FreeRTOS/Source/tasks.o
                0x0000000008002318                xTaskCheckForTimeOut
 .text.vTaskMissedYield
                0x00000000080023e4       0x18 ./FreeRTOS/Source/tasks.o
                0x00000000080023e4                vTaskMissedYield
 .text.prvIdleTask
                0x00000000080023fc       0x30 ./FreeRTOS/Source/tasks.o
 .text.prvInitialiseTaskLists
                0x000000000800242c       0x80 ./FreeRTOS/Source/tasks.o
 .text.prvCheckTasksWaitingTermination
                0x00000000080024ac       0x5c ./FreeRTOS/Source/tasks.o
 .text.prvDeleteTCB
                0x0000000008002508       0x20 ./FreeRTOS/Source/tasks.o
 .text.prvResetNextTaskUnblockTime
                0x0000000008002528       0x34 ./FreeRTOS/Source/tasks.o
 .text.xTaskGetSchedulerState
                0x000000000800255c       0x3c ./FreeRTOS/Source/tasks.o
                0x000000000800255c                xTaskGetSchedulerState
 .text.xTaskPriorityInherit
                0x0000000008002598       0xd0 ./FreeRTOS/Source/tasks.o
                0x0000000008002598                xTaskPriorityInherit
 .text.xTaskPriorityDisinherit
                0x0000000008002668       0xdc ./FreeRTOS/Source/tasks.o
                0x0000000008002668                xTaskPriorityDisinherit
 .text.vTaskPriorityDisinheritAfterTimeout
                0x0000000008002744      0x104 ./FreeRTOS/Source/tasks.o
                0x0000000008002744                vTaskPriorityDisinheritAfterTimeout
 .text.pvTaskIncrementMutexHeldCount
                0x0000000008002848       0x28 ./FreeRTOS/Source/tasks.o
                0x0000000008002848                pvTaskIncrementMutexHeldCount
 .text.prvAddCurrentTaskToDelayedList
                0x0000000008002870       0xa8 ./FreeRTOS/Source/tasks.o
 .text.xTimerCreateTimerTask
                0x0000000008002918       0x64 ./FreeRTOS/Source/timers.o
                0x0000000008002918                xTimerCreateTimerTask
 .text.xTimerGenericCommand
                0x000000000800297c       0x9c ./FreeRTOS/Source/timers.o
                0x000000000800297c                xTimerGenericCommand
 .text.prvProcessExpiredTimer
                0x0000000008002a18       0x98 ./FreeRTOS/Source/timers.o
 .text.prvTimerTask
                0x0000000008002ab0       0x24 ./FreeRTOS/Source/timers.o
 .text.prvProcessTimerOrBlockTask
                0x0000000008002ad4       0x9c ./FreeRTOS/Source/timers.o
 .text.prvGetNextExpireTime
                0x0000000008002b70       0x44 ./FreeRTOS/Source/timers.o
 .text.prvSampleTimeNow
                0x0000000008002bb4       0x40 ./FreeRTOS/Source/timers.o
 .text.prvInsertTimerInActiveList
                0x0000000008002bf4       0x84 ./FreeRTOS/Source/timers.o
 .text.prvProcessReceivedCommands
                0x0000000008002c78      0x18c ./FreeRTOS/Source/timers.o
 .text.prvSwitchTimerLists
                0x0000000008002e04       0xc8 ./FreeRTOS/Source/timers.o
 .text.prvCheckForValidListAndQueue
                0x0000000008002ecc       0x6c ./FreeRTOS/Source/timers.o
 .text.vBlinkLED4
                0x0000000008002f38       0x64 ./mutex_FreeRTOS_qemu.o
                0x0000000008002f38                vBlinkLED4
 .text.vBlinkLED5
                0x0000000008002f9c       0x64 ./mutex_FreeRTOS_qemu.o
                0x0000000008002f9c                vBlinkLED5
 .text.main     0x0000000008003000       0x80 ./mutex_FreeRTOS_qemu.o
                0x0000000008003000                main
 .text.Reset_Handler
                0x0000000008003080       0x50 ./startup_stm32f407xx.o
                0x0000000008003080                Reset_Handler
 .text.Default_Handler
                0x00000000080030d0        0x2 ./startup_stm32f407xx.o
                0x00000000080030d0                RTC_Alarm_IRQHandler
                0x00000000080030d0                HASH_RNG_IRQHandler
                0x00000000080030d0                EXTI2_IRQHandler
                0x00000000080030d0                TIM8_CC_IRQHandler
                0x00000000080030d0                DebugMon_Handler
                0x00000000080030d0                TIM1_CC_IRQHandler
                0x00000000080030d0                DMA2_Stream5_IRQHandler
                0x00000000080030d0                HardFault_Handler
                0x00000000080030d0                DMA1_Stream5_IRQHandler
                0x00000000080030d0                PVD_IRQHandler
                0x00000000080030d0                SDIO_IRQHandler
                0x00000000080030d0                TAMP_STAMP_IRQHandler
                0x00000000080030d0                NMI_Handler
                0x00000000080030d0                CAN2_RX1_IRQHandler
                0x00000000080030d0                EXTI3_IRQHandler
                0x00000000080030d0                TIM8_TRG_COM_TIM14_IRQHandler
                0x00000000080030d0                TIM1_UP_TIM10_IRQHandler
                0x00000000080030d0                TIM8_UP_TIM13_IRQHandler
                0x00000000080030d0                I2C3_ER_IRQHandler
                0x00000000080030d0                EXTI0_IRQHandler
                0x00000000080030d0                I2C2_EV_IRQHandler
                0x00000000080030d0                DMA1_Stream2_IRQHandler
                0x00000000080030d0                CAN1_RX0_IRQHandler
                0x00000000080030d0                FPU_IRQHandler
                0x00000000080030d0                OTG_HS_WKUP_IRQHandler
                0x00000000080030d0                UsageFault_Handler
                0x00000000080030d0                CAN2_SCE_IRQHandler
                0x00000000080030d0                DMA2_Stream2_IRQHandler
                0x00000000080030d0                SPI1_IRQHandler
                0x00000000080030d0                TIM6_DAC_IRQHandler
                0x00000000080030d0                TIM1_BRK_TIM9_IRQHandler
                0x00000000080030d0                DCMI_IRQHandler
                0x00000000080030d0                CAN2_RX0_IRQHandler
                0x00000000080030d0                DMA2_Stream3_IRQHandler
                0x00000000080030d0                USART6_IRQHandler
                0x00000000080030d0                USART3_IRQHandler
                0x00000000080030d0                CAN1_RX1_IRQHandler
                0x00000000080030d0                UART5_IRQHandler
                0x00000000080030d0                DMA2_Stream0_IRQHandler
                0x00000000080030d0                TIM4_IRQHandler
                0x00000000080030d0                I2C1_EV_IRQHandler
                0x00000000080030d0                DMA1_Stream6_IRQHandler
                0x00000000080030d0                DMA1_Stream1_IRQHandler
                0x00000000080030d0                UART4_IRQHandler
                0x00000000080030d0                TIM3_IRQHandler
                0x00000000080030d0                RCC_IRQHandler
                0x00000000080030d0                TIM8_BRK_TIM12_IRQHandler
                0x00000000080030d0                Default_Handler
                0x00000000080030d0                EXTI15_10_IRQHandler
                0x00000000080030d0                ADC_IRQHandler
                0x00000000080030d0                DMA1_Stream7_IRQHandler
                0x00000000080030d0                TIM7_IRQHandler
                0x00000000080030d0                CAN2_TX_IRQHandler
                0x00000000080030d0                TIM5_IRQHandler
                0x00000000080030d0                DMA2_Stream7_IRQHandler
                0x00000000080030d0                I2C3_EV_IRQHandler
                0x00000000080030d0                EXTI9_5_IRQHandler
                0x00000000080030d0                RTC_WKUP_IRQHandler
                0x00000000080030d0                ETH_WKUP_IRQHandler
                0x00000000080030d0                SPI2_IRQHandler
                0x00000000080030d0                OTG_HS_EP1_IN_IRQHandler
                0x00000000080030d0                MemManage_Handler
                0x00000000080030d0                DMA1_Stream0_IRQHandler
                0x00000000080030d0                CAN1_TX_IRQHandler
                0x00000000080030d0                EXTI4_IRQHandler
                0x00000000080030d0                FSMC_IRQHandler
                0x00000000080030d0                ETH_IRQHandler
                0x00000000080030d0                OTG_HS_EP1_OUT_IRQHandler
                0x00000000080030d0                WWDG_IRQHandler
                0x00000000080030d0                TIM2_IRQHandler
                0x00000000080030d0                OTG_FS_WKUP_IRQHandler
                0x00000000080030d0                TIM1_TRG_COM_TIM11_IRQHandler
                0x00000000080030d0                OTG_HS_IRQHandler
                0x00000000080030d0                EXTI1_IRQHandler
                0x00000000080030d0                USART2_IRQHandler
                0x00000000080030d0                I2C2_ER_IRQHandler
                0x00000000080030d0                DMA2_Stream1_IRQHandler
                0x00000000080030d0                CAN1_SCE_IRQHandler
                0x00000000080030d0                FLASH_IRQHandler
                0x00000000080030d0                DMA2_Stream4_IRQHandler
                0x00000000080030d0                BusFault_Handler
                0x00000000080030d0                USART1_IRQHandler
                0x00000000080030d0                OTG_FS_IRQHandler
                0x00000000080030d0                SPI3_IRQHandler
                0x00000000080030d0                DMA1_Stream4_IRQHandler
                0x00000000080030d0                I2C1_ER_IRQHandler
                0x00000000080030d0                DMA2_Stream6_IRQHandler
                0x00000000080030d0                DMA1_Stream3_IRQHandler
 *fill*         0x00000000080030d2        0x2 
 .text.BSP_LED_Init
                0x00000000080030d4       0xf0 ./stm32f4_discovery.o
                0x00000000080030d4                BSP_LED_Init
 .text.BSP_LED_Toggle
                0x00000000080031c4       0x34 ./stm32f4_discovery.o
                0x00000000080031c4                BSP_LED_Toggle
 .text.SystemInit
                0x00000000080031f8       0x5c ./system_stm32f4xx.o
                0x00000000080031f8                SystemInit
 .text.__libc_init_array
                0x0000000008003254       0x48 c:/users/hviei/appdata/roaming/xpacks/@xpack-dev-tools/arm-none-eabi-gcc/9.3.1-1.2.1/.content/bin/../lib/gcc/arm-none-eabi/9.3.1/../../../../arm-none-eabi/lib/thumb/v7-m/nofp\libg_nano.a(lib_a-init.o)
                0x0000000008003254                __libc_init_array
 .text.memcpy   0x000000000800329c       0x1c c:/users/hviei/appdata/roaming/xpacks/@xpack-dev-tools/arm-none-eabi-gcc/9.3.1-1.2.1/.content/bin/../lib/gcc/arm-none-eabi/9.3.1/../../../../arm-none-eabi/lib/thumb/v7-m/nofp\libg_nano.a(lib_a-memcpy-stub.o)
                0x000000000800329c                memcpy
 .text.memset   0x00000000080032b8       0x10 c:/users/hviei/appdata/roaming/xpacks/@xpack-dev-tools/arm-none-eabi-gcc/9.3.1-1.2.1/.content/bin/../lib/gcc/arm-none-eabi/9.3.1/../../../../arm-none-eabi/lib/thumb/v7-m/nofp\libg_nano.a(lib_a-memset.o)
                0x00000000080032b8                memset
 *(.glue_7)
 .glue_7        0x00000000080032c8        0x0 linker stubs
 *(.glue_7t)
 .glue_7t       0x00000000080032c8        0x0 linker stubs
 *(.eh_frame)
 .eh_frame      0x00000000080032c8        0x0 c:/users/hviei/appdata/roaming/xpacks/@xpack-dev-tools/arm-none-eabi-gcc/9.3.1-1.2.1/.content/bin/../lib/gcc/arm-none-eabi/9.3.1/thumb/v7-m/nofp/crtbegin.o
 *(.init)
 .init          0x00000000080032c8        0x4 c:/users/hviei/appdata/roaming/xpacks/@xpack-dev-tools/arm-none-eabi-gcc/9.3.1-1.2.1/.content/bin/../lib/gcc/arm-none-eabi/9.3.1/thumb/v7-m/nofp/crti.o
                0x00000000080032c8                _init
 .init          0x00000000080032cc        0x8 c:/users/hviei/appdata/roaming/xpacks/@xpack-dev-tools/arm-none-eabi-gcc/9.3.1-1.2.1/.content/bin/../lib/gcc/arm-none-eabi/9.3.1/thumb/v7-m/nofp/crtn.o
 *(.fini)
 .fini          0x00000000080032d4        0x4 c:/users/hviei/appdata/roaming/xpacks/@xpack-dev-tools/arm-none-eabi-gcc/9.3.1-1.2.1/.content/bin/../lib/gcc/arm-none-eabi/9.3.1/thumb/v7-m/nofp/crti.o
                0x00000000080032d4                _fini
 .fini          0x00000000080032d8        0x8 c:/users/hviei/appdata/roaming/xpacks/@xpack-dev-tools/arm-none-eabi-gcc/9.3.1-1.2.1/.content/bin/../lib/gcc/arm-none-eabi/9.3.1/thumb/v7-m/nofp/crtn.o
                0x00000000080032e0                . = ALIGN (0x4)
                0x00000000080032e0                _etext = .

.vfp11_veneer   0x00000000080032e0        0x0
 .vfp11_veneer  0x00000000080032e0        0x0 linker stubs

.v4_bx          0x00000000080032e0        0x0
 .v4_bx         0x00000000080032e0        0x0 linker stubs

.iplt           0x00000000080032e0        0x0
 .iplt          0x00000000080032e0        0x0 c:/users/hviei/appdata/roaming/xpacks/@xpack-dev-tools/arm-none-eabi-gcc/9.3.1-1.2.1/.content/bin/../lib/gcc/arm-none-eabi/9.3.1/thumb/v7-m/nofp/crtbegin.o

.rodata         0x00000000080032e0      0x134
                0x00000000080032e0                . = ALIGN (0x4)
 *(.rodata)
 .rodata        0x00000000080032e0       0x2d ./system/src/diag/Trace.o
 *fill*         0x000000000800330d        0x3 
 .rodata        0x0000000008003310        0x5 ./FreeRTOS/Source/tasks.o
 *fill*         0x0000000008003315        0x3 
 .rodata        0x0000000008003318        0xd ./FreeRTOS/Source/timers.o
 *fill*         0x0000000008003325        0x3 
 .rodata        0x0000000008003328       0xe3 ./mutex_FreeRTOS_qemu.o
 *(.rodata*)
 *fill*         0x000000000800340b        0x1 
 .rodata.GPIO_PIN
                0x000000000800340c        0x8 ./stm32f4_discovery.o
                0x000000000800340c                GPIO_PIN
                0x0000000008003414                . = ALIGN (0x4)

.rel.dyn        0x0000000008003414        0x0
 .rel.iplt      0x0000000008003414        0x0 c:/users/hviei/appdata/roaming/xpacks/@xpack-dev-tools/arm-none-eabi-gcc/9.3.1-1.2.1/.content/bin/../lib/gcc/arm-none-eabi/9.3.1/thumb/v7-m/nofp/crtbegin.o

.ARM.extab
 *(.ARM.extab* .gnu.linkonce.armextab.*)

.ARM            0x0000000008003414        0x0
                0x0000000008003414                __exidx_start = .
 *(.ARM.exidx*)
                0x0000000008003414                __exidx_end = .

.preinit_array  0x0000000008003414        0x0
                0x0000000008003414                PROVIDE (__preinit_array_start = .)
 *(.preinit_array*)
                0x0000000008003414                PROVIDE (__preinit_array_end = .)

.init_array     0x0000000008003414        0x4
                0x0000000008003414                PROVIDE (__init_array_start = .)
 *(SORT_BY_NAME(.init_array.*))
 *(.init_array*)
 .init_array    0x0000000008003414        0x4 c:/users/hviei/appdata/roaming/xpacks/@xpack-dev-tools/arm-none-eabi-gcc/9.3.1-1.2.1/.content/bin/../lib/gcc/arm-none-eabi/9.3.1/thumb/v7-m/nofp/crtbegin.o
                0x0000000008003418                PROVIDE (__init_array_end = .)

.fini_array     0x0000000008003418        0x4
                [!provide]                        PROVIDE (__fini_array_start = .)
 *(SORT_BY_NAME(.fini_array.*))
 *(.fini_array*)
 .fini_array    0x0000000008003418        0x4 c:/users/hviei/appdata/roaming/xpacks/@xpack-dev-tools/arm-none-eabi-gcc/9.3.1-1.2.1/.content/bin/../lib/gcc/arm-none-eabi/9.3.1/thumb/v7-m/nofp/crtbegin.o
                [!provide]                        PROVIDE (__fini_array_end = .)
                0x000000000800341c                _sidata = LOADADDR (.data)

.data           0x0000000020000000       0x1c load address 0x000000000800341c
                0x0000000020000000                . = ALIGN (0x4)
                0x0000000020000000                _sdata = .
 *(.data)
 *(.data*)
 .data.xFreeBytesRemaining
                0x0000000020000000        0x4 ./FreeRTOS/Source/portable/GCC/MemMang/heap_2.o
 .data.uxCriticalNesting
                0x0000000020000004        0x4 ./FreeRTOS/Source/portable/GCC/ARM_CM3/port.o
 .data.GPIO_PORT
                0x0000000020000008       0x10 ./stm32f4_discovery.o
                0x0000000020000008                GPIO_PORT
 .data.SystemCoreClock
                0x0000000020000018        0x4 ./system_stm32f4xx.o
                0x0000000020000018                SystemCoreClock
                0x000000002000001c                . = ALIGN (0x4)
                0x000000002000001c                _edata = .
                0x0000000008003438                _siccmram = LOADADDR (.ccmram)

.igot.plt       0x000000002000001c        0x0 load address 0x0000000008003438
 .igot.plt      0x000000002000001c        0x0 c:/users/hviei/appdata/roaming/xpacks/@xpack-dev-tools/arm-none-eabi-gcc/9.3.1-1.2.1/.content/bin/../lib/gcc/arm-none-eabi/9.3.1/thumb/v7-m/nofp/crtbegin.o

.ccmram         0x0000000010000000        0x0 load address 0x0000000008003438
                0x0000000010000000                . = ALIGN (0x4)
                0x0000000010000000                _sccmram = .
 *(.ccmram)
 *(.ccmram*)
                0x0000000010000000                . = ALIGN (0x4)
                0x0000000010000000                _eccmram = .
                0x0000000010000000                . = ALIGN (0x4)

.bss            0x000000002000001c    0x12dbc
                0x000000002000001c                _sbss = .
                0x000000002000001c                __bss_start__ = _sbss
 *(.bss)
 *(.bss*)
 .bss.completed.8914
                0x000000002000001c        0x1 c:/users/hviei/appdata/roaming/xpacks/@xpack-dev-tools/arm-none-eabi-gcc/9.3.1-1.2.1/.content/bin/../lib/gcc/arm-none-eabi/9.3.1/thumb/v7-m/nofp/crtbegin.o
 *fill*         0x000000002000001d        0x3 
 .bss.object.8919
                0x0000000020000020       0x18 c:/users/hviei/appdata/roaming/xpacks/@xpack-dev-tools/arm-none-eabi-gcc/9.3.1-1.2.1/.content/bin/../lib/gcc/arm-none-eabi/9.3.1/thumb/v7-m/nofp/crtbegin.o
 .bss.ucHeap    0x0000000020000038    0x12c00 ./FreeRTOS/Source/portable/GCC/MemMang/heap_2.o
 .bss.xStart    0x0000000020012c38        0x8 ./FreeRTOS/Source/portable/GCC/MemMang/heap_2.o
 .bss.xEnd      0x0000000020012c40        0x8 ./FreeRTOS/Source/portable/GCC/MemMang/heap_2.o
 .bss.xHeapHasBeenInitialised.5203
                0x0000000020012c48        0x4 ./FreeRTOS/Source/portable/GCC/MemMang/heap_2.o
 .bss.ucMaxSysCallPriority
                0x0000000020012c4c        0x1 ./FreeRTOS/Source/portable/GCC/ARM_CM3/port.o
 *fill*         0x0000000020012c4d        0x3 
 .bss.ulMaxPRIGROUPValue
                0x0000000020012c50        0x4 ./FreeRTOS/Source/portable/GCC/ARM_CM3/port.o
 .bss.pxCurrentTCB
                0x0000000020012c54        0x4 ./FreeRTOS/Source/tasks.o
                0x0000000020012c54                pxCurrentTCB
 .bss.pxReadyTasksLists
                0x0000000020012c58       0x64 ./FreeRTOS/Source/tasks.o
 .bss.xDelayedTaskList1
                0x0000000020012cbc       0x14 ./FreeRTOS/Source/tasks.o
 .bss.xDelayedTaskList2
                0x0000000020012cd0       0x14 ./FreeRTOS/Source/tasks.o
 .bss.pxDelayedTaskList
                0x0000000020012ce4        0x4 ./FreeRTOS/Source/tasks.o
 .bss.pxOverflowDelayedTaskList
                0x0000000020012ce8        0x4 ./FreeRTOS/Source/tasks.o
 .bss.xPendingReadyList
                0x0000000020012cec       0x14 ./FreeRTOS/Source/tasks.o
 .bss.xTasksWaitingTermination
                0x0000000020012d00       0x14 ./FreeRTOS/Source/tasks.o
 .bss.uxDeletedTasksWaitingCleanUp
                0x0000000020012d14        0x4 ./FreeRTOS/Source/tasks.o
 .bss.xSuspendedTaskList
                0x0000000020012d18       0x14 ./FreeRTOS/Source/tasks.o
 .bss.uxCurrentNumberOfTasks
                0x0000000020012d2c        0x4 ./FreeRTOS/Source/tasks.o
 .bss.xTickCount
                0x0000000020012d30        0x4 ./FreeRTOS/Source/tasks.o
 .bss.uxTopReadyPriority
                0x0000000020012d34        0x4 ./FreeRTOS/Source/tasks.o
 .bss.xSchedulerRunning
                0x0000000020012d38        0x4 ./FreeRTOS/Source/tasks.o
 .bss.xPendedTicks
                0x0000000020012d3c        0x4 ./FreeRTOS/Source/tasks.o
 .bss.xYieldPending
                0x0000000020012d40        0x4 ./FreeRTOS/Source/tasks.o
 .bss.xNumOfOverflows
                0x0000000020012d44        0x4 ./FreeRTOS/Source/tasks.o
 .bss.uxTaskNumber
                0x0000000020012d48        0x4 ./FreeRTOS/Source/tasks.o
 .bss.xNextTaskUnblockTime
                0x0000000020012d4c        0x4 ./FreeRTOS/Source/tasks.o
 .bss.xIdleTaskHandle
                0x0000000020012d50        0x4 ./FreeRTOS/Source/tasks.o
 .bss.uxSchedulerSuspended
                0x0000000020012d54        0x4 ./FreeRTOS/Source/tasks.o
 .bss.xActiveTimerList1
                0x0000000020012d58       0x14 ./FreeRTOS/Source/timers.o
 .bss.xActiveTimerList2
                0x0000000020012d6c       0x14 ./FreeRTOS/Source/timers.o
 .bss.pxCurrentTimerList
                0x0000000020012d80        0x4 ./FreeRTOS/Source/timers.o
 .bss.pxOverflowTimerList
                0x0000000020012d84        0x4 ./FreeRTOS/Source/timers.o
 .bss.xTimerQueue
                0x0000000020012d88        0x4 ./FreeRTOS/Source/timers.o
 .bss.xTimerTaskHandle
                0x0000000020012d8c        0x4 ./FreeRTOS/Source/timers.o
 .bss.xLastTime.5515
                0x0000000020012d90        0x4 ./FreeRTOS/Source/timers.o
 .bss.xMutex    0x0000000020012d94        0x4 ./mutex_FreeRTOS_qemu.o
                0x0000000020012d94                xMutex
 *(COMMON)
 COMMON         0x0000000020012d98       0x40 ./FreeRTOS/Source/queue.o
                0x0000000020012d98                xQueueRegistry
                0x0000000020012dd8                . = ALIGN (0x4)
                0x0000000020012dd8                _ebss = .
                0x0000000020012dd8                __bss_end__ = _ebss

._user_heap_stack
                0x0000000020012dd8      0x600
                0x0000000020012dd8                . = ALIGN (0x4)
                [!provide]                        PROVIDE (end = .)
                [!provide]                        PROVIDE (_end = .)
                0x0000000020012fd8                . = (. + _Min_Heap_Size)
 *fill*         0x0000000020012dd8      0x200 
                0x00000000200133d8                . = (. + _Min_Stack_Size)
 *fill*         0x0000000020012fd8      0x400 
                0x00000000200133d8                . = ALIGN (0x4)

/DISCARD/
 libc.a(*)
 libm.a(*)
 libgcc.a(*)

.ARM.attributes
                0x0000000000000000       0x2f
 *(.ARM.attributes)
 .ARM.attributes
                0x0000000000000000       0x1d c:/users/hviei/appdata/roaming/xpacks/@xpack-dev-tools/arm-none-eabi-gcc/9.3.1-1.2.1/.content/bin/../lib/gcc/arm-none-eabi/9.3.1/thumb/v7-m/nofp/crti.o
 .ARM.attributes
                0x000000000000001d       0x2d c:/users/hviei/appdata/roaming/xpacks/@xpack-dev-tools/arm-none-eabi-gcc/9.3.1-1.2.1/.content/bin/../lib/gcc/arm-none-eabi/9.3.1/thumb/v7-m/nofp/crtbegin.o
 .ARM.attributes
                0x000000000000004a       0x2d ./system/src/diag/Trace.o
 .ARM.attributes
                0x0000000000000077       0x2d ./system/src/diag/trace_impl.o
 .ARM.attributes
                0x00000000000000a4       0x2d ./Libraries/STM32F4xx_HAL_Driver/Src/stm32f4xx_hal_gpio.o
 .ARM.attributes
                0x00000000000000d1       0x2d ./FreeRTOS/Source/portable/GCC/MemMang/heap_2.o
 .ARM.attributes
                0x00000000000000fe       0x2d ./FreeRTOS/Source/portable/GCC/ARM_CM3/port.o
 .ARM.attributes
                0x000000000000012b       0x2d ./FreeRTOS/Source/list.o
 .ARM.attributes
                0x0000000000000158       0x2d ./FreeRTOS/Source/queue.o
 .ARM.attributes
                0x0000000000000185       0x2d ./FreeRTOS/Source/tasks.o
 .ARM.attributes
                0x00000000000001b2       0x2d ./FreeRTOS/Source/timers.o
 .ARM.attributes
                0x00000000000001df       0x2d ./mutex_FreeRTOS_qemu.o
 .ARM.attributes
                0x000000000000020c       0x21 ./startup_stm32f407xx.o
 .ARM.attributes
                0x000000000000022d       0x2d ./stm32f4_discovery.o
 .ARM.attributes
                0x000000000000025a       0x2d ./system_stm32f4xx.o
 .ARM.attributes
                0x0000000000000287       0x2d c:/users/hviei/appdata/roaming/xpacks/@xpack-dev-tools/arm-none-eabi-gcc/9.3.1-1.2.1/.content/bin/../lib/gcc/arm-none-eabi/9.3.1/../../../../arm-none-eabi/lib/thumb/v7-m/nofp\libg_nano.a(lib_a-init.o)
 .ARM.attributes
                0x00000000000002b4       0x2d c:/users/hviei/appdata/roaming/xpacks/@xpack-dev-tools/arm-none-eabi-gcc/9.3.1-1.2.1/.content/bin/../lib/gcc/arm-none-eabi/9.3.1/../../../../arm-none-eabi/lib/thumb/v7-m/nofp\libg_nano.a(lib_a-memcpy-stub.o)
 .ARM.attributes
                0x00000000000002e1       0x2d c:/users/hviei/appdata/roaming/xpacks/@xpack-dev-tools/arm-none-eabi-gcc/9.3.1-1.2.1/.content/bin/../lib/gcc/arm-none-eabi/9.3.1/../../../../arm-none-eabi/lib/thumb/v7-m/nofp\libg_nano.a(lib_a-memset.o)
 .ARM.attributes
                0x000000000000030e       0x17 c:/users/hviei/appdata/roaming/xpacks/@xpack-dev-tools/arm-none-eabi-gcc/9.3.1-1.2.1/.content/bin/../lib/gcc/arm-none-eabi/9.3.1/../../../../arm-none-eabi/lib/thumb/v7-m/nofp\libg_nano.a(lib_a-strlen.o)
 .ARM.attributes
                0x0000000000000325       0x1d c:/users/hviei/appdata/roaming/xpacks/@xpack-dev-tools/arm-none-eabi-gcc/9.3.1-1.2.1/.content/bin/../lib/gcc/arm-none-eabi/9.3.1/thumb/v7-m/nofp/crtn.o
OUTPUT(mutex_FreeRTOS_qemu.elf elf32-littlearm)
LOAD linker stubs
LOAD c:/users/hviei/appdata/roaming/xpacks/@xpack-dev-tools/arm-none-eabi-gcc/9.3.1-1.2.1/.content/bin/../lib/gcc/arm-none-eabi/9.3.1/../../../../arm-none-eabi/lib/thumb/v7-m/nofp\libc.a
LOAD c:/users/hviei/appdata/roaming/xpacks/@xpack-dev-tools/arm-none-eabi-gcc/9.3.1-1.2.1/.content/bin/../lib/gcc/arm-none-eabi/9.3.1/../../../../arm-none-eabi/lib/thumb/v7-m/nofp\libm.a
LOAD c:/users/hviei/appdata/roaming/xpacks/@xpack-dev-tools/arm-none-eabi-gcc/9.3.1-1.2.1/.content/bin/../lib/gcc/arm-none-eabi/9.3.1/thumb/v7-m/nofp\libgcc.a

.debug_info     0x0000000000000000     0xb16b
 .debug_info    0x0000000000000000      0xaa4 ./system/src/diag/Trace.o
 .debug_info    0x0000000000000aa4      0x3d5 ./system/src/diag/trace_impl.o
 .debug_info    0x0000000000000e79      0x7d7 ./Libraries/STM32F4xx_HAL_Driver/Src/stm32f4xx_hal_gpio.o
 .debug_info    0x0000000000001650      0xbf4 ./FreeRTOS/Source/portable/GCC/MemMang/heap_2.o
 .debug_info    0x0000000000002244      0x4c9 ./FreeRTOS/Source/portable/GCC/ARM_CM3/port.o
 .debug_info    0x000000000000270d      0xbe1 ./FreeRTOS/Source/list.o
 .debug_info    0x00000000000032ee     0x2003 ./FreeRTOS/Source/queue.o
 .debug_info    0x00000000000052f1     0x2956 ./FreeRTOS/Source/tasks.o
 .debug_info    0x0000000000007c47     0x15ae ./FreeRTOS/Source/timers.o
 .debug_info    0x00000000000091f5      0x48a ./mutex_FreeRTOS_qemu.o
 .debug_info    0x000000000000967f       0x22 ./startup_stm32f407xx.o
 .debug_info    0x00000000000096a1     0x157d ./stm32f4_discovery.o
 .debug_info    0x000000000000ac1e      0x54d ./system_stm32f4xx.o

.debug_abbrev   0x0000000000000000     0x1d06
 .debug_abbrev  0x0000000000000000      0x256 ./system/src/diag/Trace.o
 .debug_abbrev  0x0000000000000256      0x1db ./system/src/diag/trace_impl.o
 .debug_abbrev  0x0000000000000431      0x1f1 ./Libraries/STM32F4xx_HAL_Driver/Src/stm32f4xx_hal_gpio.o
 .debug_abbrev  0x0000000000000622      0x296 ./FreeRTOS/Source/portable/GCC/MemMang/heap_2.o
 .debug_abbrev  0x00000000000008b8      0x241 ./FreeRTOS/Source/portable/GCC/ARM_CM3/port.o
 .debug_abbrev  0x0000000000000af9      0x235 ./FreeRTOS/Source/list.o
 .debug_abbrev  0x0000000000000d2e      0x371 ./FreeRTOS/Source/queue.o
 .debug_abbrev  0x000000000000109f      0x3d6 ./FreeRTOS/Source/tasks.o
 .debug_abbrev  0x0000000000001475      0x33b ./FreeRTOS/Source/timers.o
 .debug_abbrev  0x00000000000017b0      0x16b ./mutex_FreeRTOS_qemu.o
 .debug_abbrev  0x000000000000191b       0x12 ./startup_stm32f407xx.o
 .debug_abbrev  0x000000000000192d      0x2b0 ./stm32f4_discovery.o
 .debug_abbrev  0x0000000000001bdd      0x129 ./system_stm32f4xx.o

.debug_aranges  0x0000000000000000      0x710
 .debug_aranges
                0x0000000000000000       0x38 ./system/src/diag/Trace.o
 .debug_aranges
                0x0000000000000038       0x30 ./system/src/diag/trace_impl.o
 .debug_aranges
                0x0000000000000068       0x58 ./Libraries/STM32F4xx_HAL_Driver/Src/stm32f4xx_hal_gpio.o
 .debug_aranges
                0x00000000000000c0       0x40 ./FreeRTOS/Source/portable/GCC/MemMang/heap_2.o
 .debug_aranges
                0x0000000000000100       0x78 ./FreeRTOS/Source/portable/GCC/ARM_CM3/port.o
 .debug_aranges
                0x0000000000000178       0x40 ./FreeRTOS/Source/list.o
 .debug_aranges
                0x00000000000001b8      0x130 ./FreeRTOS/Source/queue.o
 .debug_aranges
                0x00000000000002e8      0x1f8 ./FreeRTOS/Source/tasks.o
 .debug_aranges
                0x00000000000004e0       0xd8 ./FreeRTOS/Source/timers.o
 .debug_aranges
                0x00000000000005b8       0x30 ./mutex_FreeRTOS_qemu.o
 .debug_aranges
                0x00000000000005e8       0x28 ./startup_stm32f407xx.o
 .debug_aranges
                0x0000000000000610       0xd8 ./stm32f4_discovery.o
 .debug_aranges
                0x00000000000006e8       0x28 ./system_stm32f4xx.o

.debug_ranges   0x0000000000000000      0x648
 .debug_ranges  0x0000000000000000       0x28 ./system/src/diag/Trace.o
 .debug_ranges  0x0000000000000028       0x20 ./system/src/diag/trace_impl.o
 .debug_ranges  0x0000000000000048       0x48 ./Libraries/STM32F4xx_HAL_Driver/Src/stm32f4xx_hal_gpio.o
 .debug_ranges  0x0000000000000090       0x30 ./FreeRTOS/Source/portable/GCC/MemMang/heap_2.o
 .debug_ranges  0x00000000000000c0       0x68 ./FreeRTOS/Source/portable/GCC/ARM_CM3/port.o
 .debug_ranges  0x0000000000000128       0x30 ./FreeRTOS/Source/list.o
 .debug_ranges  0x0000000000000158      0x120 ./FreeRTOS/Source/queue.o
 .debug_ranges  0x0000000000000278      0x1e8 ./FreeRTOS/Source/tasks.o
 .debug_ranges  0x0000000000000460       0xc8 ./FreeRTOS/Source/timers.o
 .debug_ranges  0x0000000000000528       0x20 ./mutex_FreeRTOS_qemu.o
 .debug_ranges  0x0000000000000548       0x20 ./startup_stm32f407xx.o
 .debug_ranges  0x0000000000000568       0xc8 ./stm32f4_discovery.o
 .debug_ranges  0x0000000000000630       0x18 ./system_stm32f4xx.o

.debug_macro    0x0000000000000000    0x221d4
 .debug_macro   0x0000000000000000      0x1f5 ./system/src/diag/Trace.o
 .debug_macro   0x00000000000001f5      0xaa2 ./system/src/diag/Trace.o
 .debug_macro   0x0000000000000c97       0x22 ./system/src/diag/Trace.o
 .debug_macro   0x0000000000000cb9       0x64 ./system/src/diag/Trace.o
 .debug_macro   0x0000000000000d1d       0x18 ./system/src/diag/Trace.o
 .debug_macro   0x0000000000000d35       0x94 ./system/src/diag/Trace.o
 .debug_macro   0x0000000000000dc9       0x35 ./system/src/diag/Trace.o
 .debug_macro   0x0000000000000dfe       0x34 ./system/src/diag/Trace.o
 .debug_macro   0x0000000000000e32       0x16 ./system/src/diag/Trace.o
 .debug_macro   0x0000000000000e48       0x57 ./system/src/diag/Trace.o
 .debug_macro   0x0000000000000e9f       0x97 ./system/src/diag/Trace.o
 .debug_macro   0x0000000000000f36      0x339 ./system/src/diag/Trace.o
 .debug_macro   0x000000000000126f       0xfd ./system/src/diag/Trace.o
 .debug_macro   0x000000000000136c       0x10 ./system/src/diag/Trace.o
 .debug_macro   0x000000000000137c       0x16 ./system/src/diag/Trace.o
 .debug_macro   0x0000000000001392       0x43 ./system/src/diag/Trace.o
 .debug_macro   0x00000000000013d5       0x34 ./system/src/diag/Trace.o
 .debug_macro   0x0000000000001409       0x10 ./system/src/diag/Trace.o
 .debug_macro   0x0000000000001419       0x58 ./system/src/diag/Trace.o
 .debug_macro   0x0000000000001471      0x182 ./system/src/diag/Trace.o
 .debug_macro   0x00000000000015f3       0x10 ./system/src/diag/Trace.o
 .debug_macro   0x0000000000001603       0x6a ./system/src/diag/Trace.o
 .debug_macro   0x000000000000166d       0x1c ./system/src/diag/Trace.o
 .debug_macro   0x0000000000001689       0x52 ./system/src/diag/Trace.o
 .debug_macro   0x00000000000016db       0x22 ./system/src/diag/Trace.o
 .debug_macro   0x00000000000016fd       0x10 ./system/src/diag/Trace.o
 .debug_macro   0x000000000000170d       0x40 ./system/src/diag/Trace.o
 .debug_macro   0x000000000000174d       0xd5 ./system/src/diag/Trace.o
 .debug_macro   0x0000000000001822       0x1c ./system/src/diag/Trace.o
 .debug_macro   0x000000000000183e       0x3d ./system/src/diag/Trace.o
 .debug_macro   0x000000000000187b       0x16 ./system/src/diag/Trace.o
 .debug_macro   0x0000000000001891      0x16f ./system/src/diag/Trace.o
 .debug_macro   0x0000000000001a00       0x4c ./system/src/diag/Trace.o
 .debug_macro   0x0000000000001a4c       0x16 ./system/src/diag/Trace.o
 .debug_macro   0x0000000000001a62       0x35 ./system/src/diag/Trace.o
 .debug_macro   0x0000000000001a97      0x51a ./system/src/diag/Trace.o
 .debug_macro   0x0000000000001fb1       0x16 ./system/src/diag/Trace.o
 .debug_macro   0x0000000000001fc7      0x2e7 ./system/src/diag/trace_impl.o
 .debug_macro   0x00000000000022ae       0x32 ./system/src/diag/trace_impl.o
 .debug_macro   0x00000000000022e0       0x2f ./system/src/diag/trace_impl.o
 .debug_macro   0x000000000000230f       0x8e ./system/src/diag/trace_impl.o
 .debug_macro   0x000000000000239d       0x51 ./system/src/diag/trace_impl.o
 .debug_macro   0x00000000000023ee      0x103 ./system/src/diag/trace_impl.o
 .debug_macro   0x00000000000024f1      0x1df ./system/src/diag/trace_impl.o
 .debug_macro   0x00000000000026d0       0x1c ./system/src/diag/trace_impl.o
 .debug_macro   0x00000000000026ec       0x22 ./system/src/diag/trace_impl.o
 .debug_macro   0x000000000000270e       0xc3 ./system/src/diag/trace_impl.o
 .debug_macro   0x00000000000027d1     0x102d ./system/src/diag/trace_impl.o
 .debug_macro   0x00000000000037fe      0x11f ./system/src/diag/trace_impl.o
 .debug_macro   0x000000000000391d    0x15e43 ./system/src/diag/trace_impl.o
 .debug_macro   0x0000000000019760       0x43 ./system/src/diag/trace_impl.o
 .debug_macro   0x00000000000197a3      0x2bb ./system/src/diag/trace_impl.o
 .debug_macro   0x0000000000019a5e     0x35d4 ./system/src/diag/trace_impl.o
 .debug_macro   0x000000000001d032      0x174 ./system/src/diag/trace_impl.o
 .debug_macro   0x000000000001d1a6       0x5a ./system/src/diag/trace_impl.o
 .debug_macro   0x000000000001d200      0x96b ./system/src/diag/trace_impl.o
 .debug_macro   0x000000000001db6b      0x9fe ./system/src/diag/trace_impl.o
 .debug_macro   0x000000000001e569      0x117 ./system/src/diag/trace_impl.o
 .debug_macro   0x000000000001e680      0x13e ./system/src/diag/trace_impl.o
 .debug_macro   0x000000000001e7be       0x27 ./system/src/diag/trace_impl.o
 .debug_macro   0x000000000001e7e5      0x287 ./system/src/diag/trace_impl.o
 .debug_macro   0x000000000001ea6c       0x5f ./system/src/diag/trace_impl.o
 .debug_macro   0x000000000001eacb      0x236 ./system/src/diag/trace_impl.o
 .debug_macro   0x000000000001ed01      0x12c ./system/src/diag/trace_impl.o
 .debug_macro   0x000000000001ee2d      0x21e ./system/src/diag/trace_impl.o
 .debug_macro   0x000000000001f04b       0x2e ./system/src/diag/trace_impl.o
 .debug_macro   0x000000000001f079      0x1ae ./system/src/diag/trace_impl.o
 .debug_macro   0x000000000001f227       0xd6 ./system/src/diag/trace_impl.o
 .debug_macro   0x000000000001f2fd      0x225 ./system/src/diag/trace_impl.o
 .debug_macro   0x000000000001f522      0x12d ./system/src/diag/trace_impl.o
 .debug_macro   0x000000000001f64f       0x6a ./system/src/diag/trace_impl.o
 .debug_macro   0x000000000001f6b9       0x10 ./system/src/diag/trace_impl.o
 .debug_macro   0x000000000001f6c9      0x333 ./system/src/diag/trace_impl.o
 .debug_macro   0x000000000001f9fc       0x22 ./system/src/diag/trace_impl.o
 .debug_macro   0x000000000001fa1e      0x1e7 ./Libraries/STM32F4xx_HAL_Driver/Src/stm32f4xx_hal_gpio.o
 .debug_macro   0x000000000001fc05      0x1b5 ./FreeRTOS/Source/portable/GCC/MemMang/heap_2.o
 .debug_macro   0x000000000001fdba       0x16 ./FreeRTOS/Source/portable/GCC/MemMang/heap_2.o
 .debug_macro   0x000000000001fdd0      0x10e ./FreeRTOS/Source/portable/GCC/MemMang/heap_2.o
 .debug_macro   0x000000000001fede       0x8d ./FreeRTOS/Source/portable/GCC/MemMang/heap_2.o
 .debug_macro   0x000000000001ff6b       0x16 ./FreeRTOS/Source/portable/GCC/MemMang/heap_2.o
 .debug_macro   0x000000000001ff81       0x29 ./FreeRTOS/Source/portable/GCC/MemMang/heap_2.o
 .debug_macro   0x000000000001ffaa      0x13d ./FreeRTOS/Source/portable/GCC/MemMang/heap_2.o
 .debug_macro   0x00000000000200e7      0x15a ./FreeRTOS/Source/portable/GCC/MemMang/heap_2.o
 .debug_macro   0x0000000000020241       0xcf ./FreeRTOS/Source/portable/GCC/MemMang/heap_2.o
 .debug_macro   0x0000000000020310       0x1c ./FreeRTOS/Source/portable/GCC/MemMang/heap_2.o
 .debug_macro   0x000000000002032c       0x26 ./FreeRTOS/Source/portable/GCC/MemMang/heap_2.o
 .debug_macro   0x0000000000020352      0x41e ./FreeRTOS/Source/portable/GCC/MemMang/heap_2.o
 .debug_macro   0x0000000000020770       0xb5 ./FreeRTOS/Source/portable/GCC/MemMang/heap_2.o
 .debug_macro   0x0000000000020825      0x119 ./FreeRTOS/Source/portable/GCC/MemMang/heap_2.o
 .debug_macro   0x000000000002093e      0x182 ./FreeRTOS/Source/portable/GCC/ARM_CM3/port.o
 .debug_macro   0x0000000000020ac0      0x194 ./FreeRTOS/Source/list.o
 .debug_macro   0x0000000000020c54      0x218 ./FreeRTOS/Source/queue.o
 .debug_macro   0x0000000000020e6c       0x80 ./FreeRTOS/Source/queue.o
 .debug_macro   0x0000000000020eec      0x27b ./FreeRTOS/Source/tasks.o
 .debug_macro   0x0000000000021167       0x91 ./FreeRTOS/Source/tasks.o
 .debug_macro   0x00000000000211f8       0x10 ./FreeRTOS/Source/tasks.o
 .debug_macro   0x0000000000021208      0x1dd ./FreeRTOS/Source/timers.o
 .debug_macro   0x00000000000213e5       0x97 ./FreeRTOS/Source/timers.o
 .debug_macro   0x000000000002147c      0x369 ./mutex_FreeRTOS_qemu.o
 .debug_macro   0x00000000000217e5       0xcf ./mutex_FreeRTOS_qemu.o
 .debug_macro   0x00000000000218b4       0x20 ./mutex_FreeRTOS_qemu.o
 .debug_macro   0x00000000000218d4       0xbe ./mutex_FreeRTOS_qemu.o
 .debug_macro   0x0000000000021992       0xbd ./mutex_FreeRTOS_qemu.o
 .debug_macro   0x0000000000021a4f       0x54 ./mutex_FreeRTOS_qemu.o
 .debug_macro   0x0000000000021aa3      0x1e1 ./mutex_FreeRTOS_qemu.o
 .debug_macro   0x0000000000021c84      0x13d ./mutex_FreeRTOS_qemu.o
 .debug_macro   0x0000000000021dc1       0x7e ./mutex_FreeRTOS_qemu.o
 .debug_macro   0x0000000000021e3f      0x1de ./stm32f4_discovery.o
 .debug_macro   0x000000000002201d      0x1b7 ./system_stm32f4xx.o

.debug_line     0x0000000000000000     0x8439
 .debug_line    0x0000000000000000      0x4d3 ./system/src/diag/Trace.o
 .debug_line    0x00000000000004d3      0x908 ./system/src/diag/trace_impl.o
 .debug_line    0x0000000000000ddb      0xafe ./Libraries/STM32F4xx_HAL_Driver/Src/stm32f4xx_hal_gpio.o
 .debug_line    0x00000000000018d9      0x67d ./FreeRTOS/Source/portable/GCC/MemMang/heap_2.o
 .debug_line    0x0000000000001f56      0x749 ./FreeRTOS/Source/portable/GCC/ARM_CM3/port.o
 .debug_line    0x000000000000269f      0x617 ./FreeRTOS/Source/list.o
 .debug_line    0x0000000000002cb6     0x14a9 ./FreeRTOS/Source/queue.o
 .debug_line    0x000000000000415f     0x1c13 ./FreeRTOS/Source/tasks.o
 .debug_line    0x0000000000005d72      0xb72 ./FreeRTOS/Source/timers.o
 .debug_line    0x00000000000068e4      0x99d ./mutex_FreeRTOS_qemu.o
 .debug_line    0x0000000000007281       0x77 ./startup_stm32f407xx.o
 .debug_line    0x00000000000072f8      0xa1c ./stm32f4_discovery.o
 .debug_line    0x0000000000007d14      0x725 ./system_stm32f4xx.o

.debug_str      0x0000000000000000    0xca4b6
 .debug_str     0x0000000000000000     0x8132 ./system/src/diag/Trace.o
                                       0x833d (size before relaxing)
 .debug_str     0x0000000000008132    0xb7789 ./system/src/diag/trace_impl.o
                                      0xbdfb5 (size before relaxing)
 .debug_str     0x00000000000bf8bb      0x3bd ./Libraries/STM32F4xx_HAL_Driver/Src/stm32f4xx_hal_gpio.o
                                      0xbaf2c (size before relaxing)
 .debug_str     0x00000000000bfc78     0x4aa4 ./FreeRTOS/Source/portable/GCC/MemMang/heap_2.o
                                       0xb6bb (size before relaxing)
 .debug_str     0x00000000000c471c      0x759 ./FreeRTOS/Source/portable/GCC/ARM_CM3/port.o
                                       0x8dc1 (size before relaxing)
 .debug_str     0x00000000000c4e75      0x12c ./FreeRTOS/Source/list.o
                                       0xa2ab (size before relaxing)
 .debug_str     0x00000000000c4fa1      0xff4 ./FreeRTOS/Source/queue.o
                                       0xc49a (size before relaxing)
 .debug_str     0x00000000000c5f95     0x1b7b ./FreeRTOS/Source/tasks.o
                                       0xd13b (size before relaxing)
 .debug_str     0x00000000000c7b10      0x545 ./FreeRTOS/Source/timers.o
                                       0xc8ca (size before relaxing)
 .debug_str     0x00000000000c8055     0x14a6 ./mutex_FreeRTOS_qemu.o
                                      0xc3f1b (size before relaxing)
 .debug_str     0x00000000000c94fb       0x27 ./startup_stm32f407xx.o
                                         0x62 (size before relaxing)
 .debug_str     0x00000000000c9522      0xed9 ./stm32f4_discovery.o
                                      0xbc9ad (size before relaxing)
 .debug_str     0x00000000000ca3fb       0xbb ./system_stm32f4xx.o
                                      0xbace2 (size before relaxing)

.comment        0x0000000000000000       0x43
 .comment       0x0000000000000000       0x43 ./system/src/diag/Trace.o
                                         0x44 (size before relaxing)
 .comment       0x0000000000000043       0x44 ./system/src/diag/trace_impl.o
 .comment       0x0000000000000043       0x44 ./Libraries/STM32F4xx_HAL_Driver/Src/stm32f4xx_hal_gpio.o
 .comment       0x0000000000000043       0x44 ./FreeRTOS/Source/portable/GCC/MemMang/heap_2.o
 .comment       0x0000000000000043       0x44 ./FreeRTOS/Source/portable/GCC/ARM_CM3/port.o
 .comment       0x0000000000000043       0x44 ./FreeRTOS/Source/list.o
 .comment       0x0000000000000043       0x44 ./FreeRTOS/Source/queue.o
 .comment       0x0000000000000043       0x44 ./FreeRTOS/Source/tasks.o
 .comment       0x0000000000000043       0x44 ./FreeRTOS/Source/timers.o
 .comment       0x0000000000000043       0x44 ./mutex_FreeRTOS_qemu.o
 .comment       0x0000000000000043       0x44 ./stm32f4_discovery.o
 .comment       0x0000000000000043       0x44 ./system_stm32f4xx.o

.debug_frame    0x0000000000000000     0x1b90
 .debug_frame   0x0000000000000000       0xb8 ./system/src/diag/Trace.o
 .debug_frame   0x00000000000000b8       0x7c ./system/src/diag/trace_impl.o
 .debug_frame   0x0000000000000134      0x14c ./Libraries/STM32F4xx_HAL_Driver/Src/stm32f4xx_hal_gpio.o
 .debug_frame   0x0000000000000280       0xc0 ./FreeRTOS/Source/portable/GCC/MemMang/heap_2.o
 .debug_frame   0x0000000000000340      0x198 ./FreeRTOS/Source/portable/GCC/ARM_CM3/port.o
 .debug_frame   0x00000000000004d8       0xd8 ./FreeRTOS/Source/list.o
 .debug_frame   0x00000000000005b0      0x534 ./FreeRTOS/Source/queue.o
 .debug_frame   0x0000000000000ae4      0x894 ./FreeRTOS/Source/tasks.o
 .debug_frame   0x0000000000001378      0x38c ./FreeRTOS/Source/timers.o
 .debug_frame   0x0000000000001704       0x70 ./mutex_FreeRTOS_qemu.o
 .debug_frame   0x0000000000001774      0x350 ./stm32f4_discovery.o
 .debug_frame   0x0000000000001ac4       0x58 ./system_stm32f4xx.o
 .debug_frame   0x0000000000001b1c       0x2c c:/users/hviei/appdata/roaming/xpacks/@xpack-dev-tools/arm-none-eabi-gcc/9.3.1-1.2.1/.content/bin/../lib/gcc/arm-none-eabi/9.3.1/../../../../arm-none-eabi/lib/thumb/v7-m/nofp\libg_nano.a(lib_a-init.o)
 .debug_frame   0x0000000000001b48       0x28 c:/users/hviei/appdata/roaming/xpacks/@xpack-dev-tools/arm-none-eabi-gcc/9.3.1-1.2.1/.content/bin/../lib/gcc/arm-none-eabi/9.3.1/../../../../arm-none-eabi/lib/thumb/v7-m/nofp\libg_nano.a(lib_a-memcpy-stub.o)
 .debug_frame   0x0000000000001b70       0x20 c:/users/hviei/appdata/roaming/xpacks/@xpack-dev-tools/arm-none-eabi-gcc/9.3.1-1.2.1/.content/bin/../lib/gcc/arm-none-eabi/9.3.1/../../../../arm-none-eabi/lib/thumb/v7-m/nofp\libg_nano.a(lib_a-memset.o)
