Archive member included to satisfy reference by file (symbol)

c:/users/hviei/appdata/roaming/xpacks/@xpack-dev-tools/arm-none-eabi-gcc/9.3.1-1.2.1/.content/bin/../lib/gcc/arm-none-eabi/9.3.1/thumb/v7-m/nofp\libgcc.a(_aeabi_uldivmod.o)
                              ./Libraries/STM32F4xx_HAL_Driver/Src/stm32f4xx_hal_rcc.o (__aeabi_uldivmod)
c:/users/hviei/appdata/roaming/xpacks/@xpack-dev-tools/arm-none-eabi-gcc/9.3.1-1.2.1/.content/bin/../lib/gcc/arm-none-eabi/9.3.1/thumb/v7-m/nofp\libgcc.a(_udivmoddi4.o)
                              c:/users/hviei/appdata/roaming/xpacks/@xpack-dev-tools/arm-none-eabi-gcc/9.3.1-1.2.1/.content/bin/../lib/gcc/arm-none-eabi/9.3.1/thumb/v7-m/nofp\libgcc.a(_aeabi_uldivmod.o) (__udivmoddi4)
c:/users/hviei/appdata/roaming/xpacks/@xpack-dev-tools/arm-none-eabi-gcc/9.3.1-1.2.1/.content/bin/../lib/gcc/arm-none-eabi/9.3.1/thumb/v7-m/nofp\libgcc.a(_dvmd_tls.o)
                              c:/users/hviei/appdata/roaming/xpacks/@xpack-dev-tools/arm-none-eabi-gcc/9.3.1-1.2.1/.content/bin/../lib/gcc/arm-none-eabi/9.3.1/thumb/v7-m/nofp\libgcc.a(_aeabi_uldivmod.o) (__aeabi_ldiv0)
c:/users/hviei/appdata/roaming/xpacks/@xpack-dev-tools/arm-none-eabi-gcc/9.3.1-1.2.1/.content/bin/../lib/gcc/arm-none-eabi/9.3.1/../../../../arm-none-eabi/lib/thumb/v7-m/nofp\libg_nano.a(lib_a-exit.o)
                              c:/users/hviei/appdata/roaming/xpacks/@xpack-dev-tools/arm-none-eabi-gcc/9.3.1-1.2.1/.content/bin/../lib/gcc/arm-none-eabi/9.3.1/../../../../arm-none-eabi/lib/thumb/v7-m/nofp/crt0.o (exit)
c:/users/hviei/appdata/roaming/xpacks/@xpack-dev-tools/arm-none-eabi-gcc/9.3.1-1.2.1/.content/bin/../lib/gcc/arm-none-eabi/9.3.1/../../../../arm-none-eabi/lib/thumb/v7-m/nofp\libg_nano.a(lib_a-impure.o)
                              c:/users/hviei/appdata/roaming/xpacks/@xpack-dev-tools/arm-none-eabi-gcc/9.3.1-1.2.1/.content/bin/../lib/gcc/arm-none-eabi/9.3.1/../../../../arm-none-eabi/lib/thumb/v7-m/nofp\libg_nano.a(lib_a-exit.o) (_global_impure_ptr)
c:/users/hviei/appdata/roaming/xpacks/@xpack-dev-tools/arm-none-eabi-gcc/9.3.1-1.2.1/.content/bin/../lib/gcc/arm-none-eabi/9.3.1/../../../../arm-none-eabi/lib/thumb/v7-m/nofp\libg_nano.a(lib_a-init.o)
                              c:/users/hviei/appdata/roaming/xpacks/@xpack-dev-tools/arm-none-eabi-gcc/9.3.1-1.2.1/.content/bin/../lib/gcc/arm-none-eabi/9.3.1/../../../../arm-none-eabi/lib/thumb/v7-m/nofp/crt0.o (__libc_init_array)
c:/users/hviei/appdata/roaming/xpacks/@xpack-dev-tools/arm-none-eabi-gcc/9.3.1-1.2.1/.content/bin/../lib/gcc/arm-none-eabi/9.3.1/../../../../arm-none-eabi/lib/thumb/v7-m/nofp\libg_nano.a(lib_a-memcpy-stub.o)
                              ./FreeRTOS/Source/queue.o (memcpy)
c:/users/hviei/appdata/roaming/xpacks/@xpack-dev-tools/arm-none-eabi-gcc/9.3.1-1.2.1/.content/bin/../lib/gcc/arm-none-eabi/9.3.1/../../../../arm-none-eabi/lib/thumb/v7-m/nofp\libg_nano.a(lib_a-memset.o)
                              c:/users/hviei/appdata/roaming/xpacks/@xpack-dev-tools/arm-none-eabi-gcc/9.3.1-1.2.1/.content/bin/../lib/gcc/arm-none-eabi/9.3.1/../../../../arm-none-eabi/lib/thumb/v7-m/nofp/crt0.o (memset)

Allocating common symbols
Common symbol       size              file

uwTick              0x4               ./Libraries/STM32F4xx_HAL_Driver/Src/stm32f4xx_hal.o
xQueueRegistry      0x40              ./FreeRTOS/Source/queue.o
buffer              0x8               ./semphr_FreeRTOS_qemu.o

Discarded input sections

 .text          0x0000000000000000        0x0 c:/users/hviei/appdata/roaming/xpacks/@xpack-dev-tools/arm-none-eabi-gcc/9.3.1-1.2.1/.content/bin/../lib/gcc/arm-none-eabi/9.3.1/thumb/v7-m/nofp/crti.o
 .data          0x0000000000000000        0x0 c:/users/hviei/appdata/roaming/xpacks/@xpack-dev-tools/arm-none-eabi-gcc/9.3.1-1.2.1/.content/bin/../lib/gcc/arm-none-eabi/9.3.1/thumb/v7-m/nofp/crti.o
 .bss           0x0000000000000000        0x0 c:/users/hviei/appdata/roaming/xpacks/@xpack-dev-tools/arm-none-eabi-gcc/9.3.1-1.2.1/.content/bin/../lib/gcc/arm-none-eabi/9.3.1/thumb/v7-m/nofp/crti.o
 .text          0x0000000000000000        0x0 c:/users/hviei/appdata/roaming/xpacks/@xpack-dev-tools/arm-none-eabi-gcc/9.3.1-1.2.1/.content/bin/../lib/gcc/arm-none-eabi/9.3.1/thumb/v7-m/nofp/crtbegin.o
 .data          0x0000000000000000        0x0 c:/users/hviei/appdata/roaming/xpacks/@xpack-dev-tools/arm-none-eabi-gcc/9.3.1-1.2.1/.content/bin/../lib/gcc/arm-none-eabi/9.3.1/thumb/v7-m/nofp/crtbegin.o
 .bss           0x0000000000000000        0x0 c:/users/hviei/appdata/roaming/xpacks/@xpack-dev-tools/arm-none-eabi-gcc/9.3.1-1.2.1/.content/bin/../lib/gcc/arm-none-eabi/9.3.1/thumb/v7-m/nofp/crtbegin.o
 .data.__dso_handle
                0x0000000000000000        0x4 c:/users/hviei/appdata/roaming/xpacks/@xpack-dev-tools/arm-none-eabi-gcc/9.3.1-1.2.1/.content/bin/../lib/gcc/arm-none-eabi/9.3.1/thumb/v7-m/nofp/crtbegin.o
[...]
Memory Configuration

Name             Origin             Length             Attributes
FLASH            0x0000000008000000 0x0000000000100000 xr
RAM              0x0000000020000000 0x0000000000020000 xrw
CCMRAM           0x0000000010000000 0x0000000000010000 rw
*default*        0x0000000000000000 0xffffffffffffffff

Linker script and memory map

LOAD c:/users/hviei/appdata/roaming/xpacks/@xpack-dev-tools/arm-none-eabi-gcc/9.3.1-1.2.1/.content/bin/../lib/gcc/arm-none-eabi/9.3.1/thumb/v7-m/nofp/crti.o
LOAD c:/users/hviei/appdata/roaming/xpacks/@xpack-dev-tools/arm-none-eabi-gcc/9.3.1-1.2.1/.content/bin/../lib/gcc/arm-none-eabi/9.3.1/thumb/v7-m/nofp/crtbegin.o
LOAD c:/users/hviei/appdata/roaming/xpacks/@xpack-dev-tools/arm-none-eabi-gcc/9.3.1-1.2.1/.content/bin/../lib/gcc/arm-none-eabi/9.3.1/../../../../arm-none-eabi/lib/thumb/v7-m/nofp/crt0.o
LOAD ./Libraries/STM32F4xx_HAL_Driver/Src/stm32f4xx_hal.o
LOAD ./Libraries/STM32F4xx_HAL_Driver/Src/stm32f4xx_hal_cortex.o
LOAD ./Libraries/STM32F4xx_HAL_Driver/Src/stm32f4xx_hal_gpio.o
LOAD ./Libraries/STM32F4xx_HAL_Driver/Src/stm32f4xx_hal_rcc.o
LOAD ./Libraries/STM32F4xx_HAL_Driver/Src/stm32f4xx_hal_rcc_ex.o
LOAD ./FreeRTOS/Source/portable/GCC/MemMang/heap_2.o
LOAD ./FreeRTOS/Source/portable/GCC/ARM_CM3/port.o
LOAD ./FreeRTOS/Source/list.o
LOAD ./FreeRTOS/Source/queue.o
LOAD ./FreeRTOS/Source/tasks.o
LOAD ./FreeRTOS/Source/timers.o
LOAD ./semphr_FreeRTOS_qemu.o
LOAD ./startup_stm32f407xx.o
LOAD ./stm32f4_discovery.o
LOAD ./system_stm32f4xx.o
START GROUP
LOAD c:/users/hviei/appdata/roaming/xpacks/@xpack-dev-tools/arm-none-eabi-gcc/9.3.1-1.2.1/.content/bin/../lib/gcc/arm-none-eabi/9.3.1/thumb/v7-m/nofp\libgcc.a
LOAD c:/users/hviei/appdata/roaming/xpacks/@xpack-dev-tools/arm-none-eabi-gcc/9.3.1-1.2.1/.content/bin/../lib/gcc/arm-none-eabi/9.3.1/../../../../arm-none-eabi/lib/thumb/v7-m/nofp\libg_nano.a
LOAD c:/users/hviei/appdata/roaming/xpacks/@xpack-dev-tools/arm-none-eabi-gcc/9.3.1-1.2.1/.content/bin/../lib/gcc/arm-none-eabi/9.3.1/../../../../arm-none-eabi/lib/thumb/v7-m/nofp\libc_nano.a
END GROUP
START GROUP
LOAD c:/users/hviei/appdata/roaming/xpacks/@xpack-dev-tools/arm-none-eabi-gcc/9.3.1-1.2.1/.content/bin/../lib/gcc/arm-none-eabi/9.3.1/thumb/v7-m/nofp\libgcc.a
LOAD c:/users/hviei/appdata/roaming/xpacks/@xpack-dev-tools/arm-none-eabi-gcc/9.3.1-1.2.1/.content/bin/../lib/gcc/arm-none-eabi/9.3.1/../../../../arm-none-eabi/lib/thumb/v7-m/nofp\libc_nano.a
END GROUP
LOAD c:/users/hviei/appdata/roaming/xpacks/@xpack-dev-tools/arm-none-eabi-gcc/9.3.1-1.2.1/.content/bin/../lib/gcc/arm-none-eabi/9.3.1/thumb/v7-m/nofp/crtend.o
LOAD c:/users/hviei/appdata/roaming/xpacks/@xpack-dev-tools/arm-none-eabi-gcc/9.3.1-1.2.1/.content/bin/../lib/gcc/arm-none-eabi/9.3.1/thumb/v7-m/nofp/crtn.o
                0x0000000020020000                _estack = 0x20020000
                0x0000000000000200                _Min_Heap_Size = 0x200
                0x0000000000000400                _Min_Stack_Size = 0x400

.isr_vector     0x0000000008000000      0x188
                0x0000000008000000                . = ALIGN (0x4)
 *(.isr_vector)
 .isr_vector    0x0000000008000000      0x188 ./startup_stm32f407xx.o
                0x0000000008000000                g_pfnVectors
                0x0000000008000188                . = ALIGN (0x4)

.text           0x0000000008000190     0x3130
                0x0000000008000190                . = ALIGN (0x4)
 *(.text)
 *(.text*)
 .text.__do_global_dtors_aux
                0x0000000008000190       0x24 c:/users/hviei/appdata/roaming/xpacks/@xpack-dev-tools/arm-none-eabi-gcc/9.3.1-1.2.1/.content/bin/../lib/gcc/arm-none-eabi/9.3.1/thumb/v7-m/nofp/crtbegin.o
 .text.frame_dummy
                0x00000000080001b4       0x1c c:/users/hviei/appdata/roaming/xpacks/@xpack-dev-tools/arm-none-eabi-gcc/9.3.1-1.2.1/.content/bin/../lib/gcc/arm-none-eabi/9.3.1/thumb/v7-m/nofp/crtbegin.o
 .text.HAL_GPIO_Init
                0x00000000080001d0      0x334 ./Libraries/STM32F4xx_HAL_Driver/Src/stm32f4xx_hal_gpio.o
                0x00000000080001d0                HAL_GPIO_Init
 .text.HAL_GPIO_WritePin
                0x0000000008000504       0x30 ./Libraries/STM32F4xx_HAL_Driver/Src/stm32f4xx_hal_gpio.o
                0x0000000008000504                HAL_GPIO_WritePin
 .text.pvPortMalloc
                0x0000000008000534      0x11c ./FreeRTOS/Source/portable/GCC/MemMang/heap_2.o
                0x0000000008000534                pvPortMalloc
 .text.vPortFree
                0x0000000008000650       0x74 ./FreeRTOS/Source/portable/GCC/MemMang/heap_2.o
                0x0000000008000650                vPortFree
 .text.prvHeapInit
                0x00000000080006c4       0x50 ./FreeRTOS/Source/portable/GCC/MemMang/heap_2.o
 .text.pxPortInitialiseStack
                0x0000000008000714       0x58 ./FreeRTOS/Source/portable/GCC/ARM_CM3/port.o
                0x0000000008000714                pxPortInitialiseStack
 .text.prvTaskExitError
                0x000000000800076c       0x58 ./FreeRTOS/Source/portable/GCC/ARM_CM3/port.o
 *fill*         0x00000000080007c4        0xc 
 .text.SVC_Handler
                0x00000000080007d0       0x28 ./FreeRTOS/Source/portable/GCC/ARM_CM3/port.o
                0x00000000080007d0                SVC_Handler
 .text.prvPortStartFirstTask
                0x00000000080007f8       0x24 ./FreeRTOS/Source/portable/GCC/ARM_CM3/port.o
 .text.xPortStartScheduler
                0x000000000800081c      0x104 ./FreeRTOS/Source/portable/GCC/ARM_CM3/port.o
                0x000000000800081c                xPortStartScheduler
 .text.vPortEnterCritical
                0x0000000008000920       0x60 ./FreeRTOS/Source/portable/GCC/ARM_CM3/port.o
                0x0000000008000920                vPortEnterCritical
 .text.vPortExitCritical
                0x0000000008000980       0x50 ./FreeRTOS/Source/portable/GCC/ARM_CM3/port.o
                0x0000000008000980                vPortExitCritical
 .text.PendSV_Handler
                0x00000000080009d0       0x48 ./FreeRTOS/Source/portable/GCC/ARM_CM3/port.o
                0x00000000080009d0                PendSV_Handler
 .text.SysTick_Handler
                0x0000000008000a18       0x44 ./FreeRTOS/Source/portable/GCC/ARM_CM3/port.o
                0x0000000008000a18                SysTick_Handler
 .text.vPortSetupTimerInterrupt
                0x0000000008000a5c       0x44 ./FreeRTOS/Source/portable/GCC/ARM_CM3/port.o
                0x0000000008000a5c                vPortSetupTimerInterrupt
 .text.vPortValidateInterruptPriority
                0x0000000008000aa0       0x7c ./FreeRTOS/Source/portable/GCC/ARM_CM3/port.o
                0x0000000008000aa0                vPortValidateInterruptPriority
 .text.vListInitialise
                0x0000000008000b1c       0x3e ./FreeRTOS/Source/list.o
                0x0000000008000b1c                vListInitialise
 .text.vListInitialiseItem
                0x0000000008000b5a       0x18 ./FreeRTOS/Source/list.o
                0x0000000008000b5a                vListInitialiseItem
 .text.vListInsertEnd
                0x0000000008000b72       0x46 ./FreeRTOS/Source/list.o
                0x0000000008000b72                vListInsertEnd
 .text.vListInsert
                0x0000000008000bb8       0x70 ./FreeRTOS/Source/list.o
                0x0000000008000bb8                vListInsert
 .text.uxListRemove
                0x0000000008000c28       0x52 ./FreeRTOS/Source/list.o
                0x0000000008000c28                uxListRemove
 *fill*         0x0000000008000c7a        0x2 
 .text.xQueueGenericReset
                0x0000000008000c7c       0xd0 ./FreeRTOS/Source/queue.o
                0x0000000008000c7c                xQueueGenericReset
 .text.xQueueGenericCreate
                0x0000000008000d4c       0xa0 ./FreeRTOS/Source/queue.o
                0x0000000008000d4c                xQueueGenericCreate
 .text.prvInitialiseNewQueue
                0x0000000008000dec       0x46 ./FreeRTOS/Source/queue.o
 .text.xQueueCreateCountingSemaphore
                0x0000000008000e32       0x66 ./FreeRTOS/Source/queue.o
                0x0000000008000e32                xQueueCreateCountingSemaphore
 .text.xQueueGenericSend
                0x0000000008000e98      0x1fc ./FreeRTOS/Source/queue.o
                0x0000000008000e98                xQueueGenericSend
 .text.xQueueGenericSendFromISR
                0x0000000008001094      0x154 ./FreeRTOS/Source/queue.o
                0x0000000008001094                xQueueGenericSendFromISR
 .text.xQueueReceive
                0x00000000080011e8      0x1c0 ./FreeRTOS/Source/queue.o
                0x00000000080011e8                xQueueReceive
 .text.xQueueSemaphoreTake
                0x00000000080013a8      0x218 ./FreeRTOS/Source/queue.o
                0x00000000080013a8                xQueueSemaphoreTake
 .text.prvGetDisinheritPriorityAfterTimeout
                0x00000000080015c0       0x2e ./FreeRTOS/Source/queue.o
 .text.prvCopyDataToQueue
                0x00000000080015ee       0xd4 ./FreeRTOS/Source/queue.o
 .text.prvCopyDataFromQueue
                0x00000000080016c2       0x4c ./FreeRTOS/Source/queue.o
 .text.prvUnlockQueue
                0x000000000800170e       0xa4 ./FreeRTOS/Source/queue.o
 .text.prvIsQueueEmpty
                0x00000000080017b2       0x2c ./FreeRTOS/Source/queue.o
 .text.prvIsQueueFull
                0x00000000080017de       0x30 ./FreeRTOS/Source/queue.o
 *fill*         0x000000000800180e        0x2 
 .text.vQueueAddToRegistry
                0x0000000008001810       0x50 ./FreeRTOS/Source/queue.o
                0x0000000008001810                vQueueAddToRegistry
 .text.vQueueWaitForMessageRestricted
                0x0000000008001860       0x68 ./FreeRTOS/Source/queue.o
                0x0000000008001860                vQueueWaitForMessageRestricted
 .text.xTaskCreate
                0x00000000080018c8       0x82 ./FreeRTOS/Source/tasks.o
                0x00000000080018c8                xTaskCreate
 .text.prvInitialiseNewTask
                0x000000000800194a      0x130 ./FreeRTOS/Source/tasks.o
 *fill*         0x0000000008001a7a        0x2 
 .text.prvAddNewTaskToReadyList
                0x0000000008001a7c       0xe0 ./FreeRTOS/Source/tasks.o
 .text.vTaskDelayUntil
                0x0000000008001b5c       0xfc ./FreeRTOS/Source/tasks.o
                0x0000000008001b5c                vTaskDelayUntil
 .text.vTaskStartScheduler
                0x0000000008001c58       0x9c ./FreeRTOS/Source/tasks.o
                0x0000000008001c58                vTaskStartScheduler
 .text.vTaskSuspendAll
                0x0000000008001cf4       0x1c ./FreeRTOS/Source/tasks.o
                0x0000000008001cf4                vTaskSuspendAll
 .text.xTaskResumeAll
                0x0000000008001d10      0x13c ./FreeRTOS/Source/tasks.o
                0x0000000008001d10                xTaskResumeAll
 .text.xTaskGetTickCount
                0x0000000008001e4c       0x1c ./FreeRTOS/Source/tasks.o
                0x0000000008001e4c                xTaskGetTickCount
 .text.xTaskIncrementTick
                0x0000000008001e68      0x174 ./FreeRTOS/Source/tasks.o
                0x0000000008001e68                xTaskIncrementTick
 .text.vTaskSwitchContext
                0x0000000008001fdc       0xb8 ./FreeRTOS/Source/tasks.o
                0x0000000008001fdc                vTaskSwitchContext
 .text.vTaskPlaceOnEventList
                0x0000000008002094       0x48 ./FreeRTOS/Source/tasks.o
                0x0000000008002094                vTaskPlaceOnEventList
 .text.vTaskPlaceOnEventListRestricted
                0x00000000080020dc       0x58 ./FreeRTOS/Source/tasks.o
                0x00000000080020dc                vTaskPlaceOnEventListRestricted
 .text.xTaskRemoveFromEventList
                0x0000000008002134       0xc8 ./FreeRTOS/Source/tasks.o
                0x0000000008002134                xTaskRemoveFromEventList
 .text.vTaskInternalSetTimeOutState
                0x00000000080021fc       0x2c ./FreeRTOS/Source/tasks.o
                0x00000000080021fc                vTaskInternalSetTimeOutState
 .text.xTaskCheckForTimeOut
                0x0000000008002228       0xcc ./FreeRTOS/Source/tasks.o
                0x0000000008002228                xTaskCheckForTimeOut
 .text.vTaskMissedYield
                0x00000000080022f4       0x18 ./FreeRTOS/Source/tasks.o
                0x00000000080022f4                vTaskMissedYield
 .text.prvIdleTask
                0x000000000800230c       0x30 ./FreeRTOS/Source/tasks.o
 .text.prvInitialiseTaskLists
                0x000000000800233c       0x80 ./FreeRTOS/Source/tasks.o
 .text.prvCheckTasksWaitingTermination
                0x00000000080023bc       0x5c ./FreeRTOS/Source/tasks.o
 .text.prvDeleteTCB
                0x0000000008002418       0x20 ./FreeRTOS/Source/tasks.o
 .text.prvResetNextTaskUnblockTime
                0x0000000008002438       0x34 ./FreeRTOS/Source/tasks.o
 .text.xTaskGetSchedulerState
                0x000000000800246c       0x3c ./FreeRTOS/Source/tasks.o
                0x000000000800246c                xTaskGetSchedulerState
 .text.xTaskPriorityInherit
                0x00000000080024a8       0xd0 ./FreeRTOS/Source/tasks.o
                0x00000000080024a8                xTaskPriorityInherit
 .text.xTaskPriorityDisinherit
                0x0000000008002578       0xdc ./FreeRTOS/Source/tasks.o
                0x0000000008002578                xTaskPriorityDisinherit
 .text.vTaskPriorityDisinheritAfterTimeout
                0x0000000008002654      0x104 ./FreeRTOS/Source/tasks.o
                0x0000000008002654                vTaskPriorityDisinheritAfterTimeout
 .text.pvTaskIncrementMutexHeldCount
                0x0000000008002758       0x28 ./FreeRTOS/Source/tasks.o
                0x0000000008002758                pvTaskIncrementMutexHeldCount
 .text.prvAddCurrentTaskToDelayedList
                0x0000000008002780       0xa8 ./FreeRTOS/Source/tasks.o
 .text.xTimerCreateTimerTask
                0x0000000008002828       0x64 ./FreeRTOS/Source/timers.o
                0x0000000008002828                xTimerCreateTimerTask
 .text.xTimerGenericCommand
                0x000000000800288c       0x9c ./FreeRTOS/Source/timers.o
                0x000000000800288c                xTimerGenericCommand
 .text.prvProcessExpiredTimer
                0x0000000008002928       0x98 ./FreeRTOS/Source/timers.o
 .text.prvTimerTask
                0x00000000080029c0       0x24 ./FreeRTOS/Source/timers.o
 .text.prvProcessTimerOrBlockTask
                0x00000000080029e4       0x9c ./FreeRTOS/Source/timers.o
 .text.prvGetNextExpireTime
                0x0000000008002a80       0x44 ./FreeRTOS/Source/timers.o
 .text.prvSampleTimeNow
                0x0000000008002ac4       0x40 ./FreeRTOS/Source/timers.o
 .text.prvInsertTimerInActiveList
                0x0000000008002b04       0x84 ./FreeRTOS/Source/timers.o
 .text.prvProcessReceivedCommands
                0x0000000008002b88      0x18c ./FreeRTOS/Source/timers.o
 .text.prvSwitchTimerLists
                0x0000000008002d14       0xc8 ./FreeRTOS/Source/timers.o
 .text.prvCheckForValidListAndQueue
                0x0000000008002ddc       0x6c ./FreeRTOS/Source/timers.o
 .text.xProdTask
                0x0000000008002e48       0x7c ./semphr_FreeRTOS_qemu.o
                0x0000000008002e48                xProdTask
 .text.xConsTask
                0x0000000008002ec4       0xc8 ./semphr_FreeRTOS_qemu.o
                0x0000000008002ec4                xConsTask
 .text.main     0x0000000008002f8c       0xa0 ./semphr_FreeRTOS_qemu.o
                0x0000000008002f8c                main
 .text.Reset_Handler
                0x000000000800302c       0x50 ./startup_stm32f407xx.o
                0x000000000800302c                Reset_Handler
 .text.Default_Handler
                0x000000000800307c        0x2 ./startup_stm32f407xx.o
                0x000000000800307c                RTC_Alarm_IRQHandler
                0x000000000800307c                HASH_RNG_IRQHandler
                0x000000000800307c                EXTI2_IRQHandler
                0x000000000800307c                TIM8_CC_IRQHandler
                0x000000000800307c                DebugMon_Handler
                0x000000000800307c                TIM1_CC_IRQHandler
                0x000000000800307c                DMA2_Stream5_IRQHandler
                0x000000000800307c                HardFault_Handler
                0x000000000800307c                DMA1_Stream5_IRQHandler
                0x000000000800307c                PVD_IRQHandler
                0x000000000800307c                SDIO_IRQHandler
                0x000000000800307c                TAMP_STAMP_IRQHandler
                0x000000000800307c                NMI_Handler
                0x000000000800307c                CAN2_RX1_IRQHandler
                0x000000000800307c                EXTI3_IRQHandler
                0x000000000800307c                TIM8_TRG_COM_TIM14_IRQHandler
                0x000000000800307c                TIM1_UP_TIM10_IRQHandler
                0x000000000800307c                TIM8_UP_TIM13_IRQHandler
                0x000000000800307c                I2C3_ER_IRQHandler
                0x000000000800307c                EXTI0_IRQHandler
                0x000000000800307c                I2C2_EV_IRQHandler
                0x000000000800307c                DMA1_Stream2_IRQHandler
                0x000000000800307c                CAN1_RX0_IRQHandler
                0x000000000800307c                FPU_IRQHandler
                0x000000000800307c                OTG_HS_WKUP_IRQHandler
                0x000000000800307c                UsageFault_Handler
                0x000000000800307c                CAN2_SCE_IRQHandler
                0x000000000800307c                DMA2_Stream2_IRQHandler
                0x000000000800307c                SPI1_IRQHandler
                0x000000000800307c                TIM6_DAC_IRQHandler
                0x000000000800307c                TIM1_BRK_TIM9_IRQHandler
                0x000000000800307c                DCMI_IRQHandler
                0x000000000800307c                CAN2_RX0_IRQHandler
                0x000000000800307c                DMA2_Stream3_IRQHandler
                0x000000000800307c                USART6_IRQHandler
                0x000000000800307c                USART3_IRQHandler
                0x000000000800307c                CAN1_RX1_IRQHandler
                0x000000000800307c                UART5_IRQHandler
                0x000000000800307c                DMA2_Stream0_IRQHandler
                0x000000000800307c                TIM4_IRQHandler
                0x000000000800307c                I2C1_EV_IRQHandler
                0x000000000800307c                DMA1_Stream6_IRQHandler
                0x000000000800307c                DMA1_Stream1_IRQHandler
                0x000000000800307c                UART4_IRQHandler
                0x000000000800307c                TIM3_IRQHandler
                0x000000000800307c                RCC_IRQHandler
                0x000000000800307c                TIM8_BRK_TIM12_IRQHandler
                0x000000000800307c                Default_Handler
                0x000000000800307c                EXTI15_10_IRQHandler
                0x000000000800307c                ADC_IRQHandler
                0x000000000800307c                DMA1_Stream7_IRQHandler
                0x000000000800307c                TIM7_IRQHandler
                0x000000000800307c                CAN2_TX_IRQHandler
                0x000000000800307c                TIM5_IRQHandler
                0x000000000800307c                DMA2_Stream7_IRQHandler
                0x000000000800307c                I2C3_EV_IRQHandler
                0x000000000800307c                EXTI9_5_IRQHandler
                0x000000000800307c                RTC_WKUP_IRQHandler
                0x000000000800307c                ETH_WKUP_IRQHandler
                0x000000000800307c                SPI2_IRQHandler
                0x000000000800307c                OTG_HS_EP1_IN_IRQHandler
                0x000000000800307c                MemManage_Handler
                0x000000000800307c                DMA1_Stream0_IRQHandler
                0x000000000800307c                CAN1_TX_IRQHandler
                0x000000000800307c                EXTI4_IRQHandler
                0x000000000800307c                FSMC_IRQHandler
                0x000000000800307c                ETH_IRQHandler
                0x000000000800307c                OTG_HS_EP1_OUT_IRQHandler
                0x000000000800307c                WWDG_IRQHandler
                0x000000000800307c                TIM2_IRQHandler
                0x000000000800307c                OTG_FS_WKUP_IRQHandler
                0x000000000800307c                TIM1_TRG_COM_TIM11_IRQHandler
                0x000000000800307c                OTG_HS_IRQHandler
                0x000000000800307c                EXTI1_IRQHandler
                0x000000000800307c                USART2_IRQHandler
                0x000000000800307c                I2C2_ER_IRQHandler
                0x000000000800307c                DMA2_Stream1_IRQHandler
                0x000000000800307c                CAN1_SCE_IRQHandler
                0x000000000800307c                FLASH_IRQHandler
                0x000000000800307c                DMA2_Stream4_IRQHandler
                0x000000000800307c                BusFault_Handler
                0x000000000800307c                USART1_IRQHandler
                0x000000000800307c                OTG_FS_IRQHandler
                0x000000000800307c                SPI3_IRQHandler
                0x000000000800307c                DMA1_Stream4_IRQHandler
                0x000000000800307c                I2C1_ER_IRQHandler
                0x000000000800307c                DMA2_Stream6_IRQHandler
                0x000000000800307c                DMA1_Stream3_IRQHandler
 *fill*         0x000000000800307e        0x2 
 .text.BSP_LED_Init
                0x0000000008003080       0xf0 ./stm32f4_discovery.o
                0x0000000008003080                BSP_LED_Init
 .text.BSP_LED_On
                0x0000000008003170       0x34 ./stm32f4_discovery.o
                0x0000000008003170                BSP_LED_On
 .text.BSP_LED_Off
                0x00000000080031a4       0x34 ./stm32f4_discovery.o
                0x00000000080031a4                BSP_LED_Off
 .text.SystemInit
                0x00000000080031d8       0x5c ./system_stm32f4xx.o
                0x00000000080031d8                SystemInit
 .text.__libc_init_array
                0x0000000008003234       0x48 c:/users/hviei/appdata/roaming/xpacks/@xpack-dev-tools/arm-none-eabi-gcc/9.3.1-1.2.1/.content/bin/../lib/gcc/arm-none-eabi/9.3.1/../../../../arm-none-eabi/lib/thumb/v7-m/nofp\libg_nano.a(lib_a-init.o)
                0x0000000008003234                __libc_init_array
 .text.memcpy   0x000000000800327c       0x1c c:/users/hviei/appdata/roaming/xpacks/@xpack-dev-tools/arm-none-eabi-gcc/9.3.1-1.2.1/.content/bin/../lib/gcc/arm-none-eabi/9.3.1/../../../../arm-none-eabi/lib/thumb/v7-m/nofp\libg_nano.a(lib_a-memcpy-stub.o)
                0x000000000800327c                memcpy
 .text.memset   0x0000000008003298       0x10 c:/users/hviei/appdata/roaming/xpacks/@xpack-dev-tools/arm-none-eabi-gcc/9.3.1-1.2.1/.content/bin/../lib/gcc/arm-none-eabi/9.3.1/../../../../arm-none-eabi/lib/thumb/v7-m/nofp\libg_nano.a(lib_a-memset.o)
                0x0000000008003298                memset
 *(.glue_7)
 .glue_7        0x00000000080032a8        0x0 linker stubs
 *(.glue_7t)
 .glue_7t       0x00000000080032a8        0x0 linker stubs
 *(.eh_frame)
 .eh_frame      0x00000000080032a8        0x0 c:/users/hviei/appdata/roaming/xpacks/@xpack-dev-tools/arm-none-eabi-gcc/9.3.1-1.2.1/.content/bin/../lib/gcc/arm-none-eabi/9.3.1/thumb/v7-m/nofp/crtbegin.o
 *(.init)
 .init          0x00000000080032a8        0x4 c:/users/hviei/appdata/roaming/xpacks/@xpack-dev-tools/arm-none-eabi-gcc/9.3.1-1.2.1/.content/bin/../lib/gcc/arm-none-eabi/9.3.1/thumb/v7-m/nofp/crti.o
                0x00000000080032a8                _init
 .init          0x00000000080032ac        0x8 c:/users/hviei/appdata/roaming/xpacks/@xpack-dev-tools/arm-none-eabi-gcc/9.3.1-1.2.1/.content/bin/../lib/gcc/arm-none-eabi/9.3.1/thumb/v7-m/nofp/crtn.o
 *(.fini)
 .fini          0x00000000080032b4        0x4 c:/users/hviei/appdata/roaming/xpacks/@xpack-dev-tools/arm-none-eabi-gcc/9.3.1-1.2.1/.content/bin/../lib/gcc/arm-none-eabi/9.3.1/thumb/v7-m/nofp/crti.o
                0x00000000080032b4                _fini
 .fini          0x00000000080032b8        0x8 c:/users/hviei/appdata/roaming/xpacks/@xpack-dev-tools/arm-none-eabi-gcc/9.3.1-1.2.1/.content/bin/../lib/gcc/arm-none-eabi/9.3.1/thumb/v7-m/nofp/crtn.o
                0x00000000080032c0                . = ALIGN (0x4)
                0x00000000080032c0                _etext = .

.vfp11_veneer   0x00000000080032c0        0x0
 .vfp11_veneer  0x00000000080032c0        0x0 linker stubs

.v4_bx          0x00000000080032c0        0x0
 .v4_bx         0x00000000080032c0        0x0 linker stubs

.iplt           0x00000000080032c0        0x0
 .iplt          0x00000000080032c0        0x0 c:/users/hviei/appdata/roaming/xpacks/@xpack-dev-tools/arm-none-eabi-gcc/9.3.1-1.2.1/.content/bin/../lib/gcc/arm-none-eabi/9.3.1/thumb/v7-m/nofp/crtbegin.o

.rodata         0x00000000080032c0       0x38
                0x00000000080032c0                . = ALIGN (0x4)
 *(.rodata)
 .rodata        0x00000000080032c0        0x5 ./FreeRTOS/Source/tasks.o
 *fill*         0x00000000080032c5        0x3 
 .rodata        0x00000000080032c8        0xd ./FreeRTOS/Source/timers.o
 *fill*         0x00000000080032d5        0x3 
 .rodata        0x00000000080032d8       0x15 ./semphr_FreeRTOS_qemu.o
 *(.rodata*)
 *fill*         0x00000000080032ed        0x3 
 .rodata.GPIO_PIN
                0x00000000080032f0        0x8 ./stm32f4_discovery.o
                0x00000000080032f0                GPIO_PIN
                0x00000000080032f8                . = ALIGN (0x4)

.rel.dyn        0x00000000080032f8        0x0
 .rel.iplt      0x00000000080032f8        0x0 c:/users/hviei/appdata/roaming/xpacks/@xpack-dev-tools/arm-none-eabi-gcc/9.3.1-1.2.1/.content/bin/../lib/gcc/arm-none-eabi/9.3.1/thumb/v7-m/nofp/crtbegin.o

.ARM.extab
 *(.ARM.extab* .gnu.linkonce.armextab.*)

.ARM            0x00000000080032f8        0x0
                0x00000000080032f8                __exidx_start = .
 *(.ARM.exidx*)
                0x00000000080032f8                __exidx_end = .

.preinit_array  0x00000000080032f8        0x0
                0x00000000080032f8                PROVIDE (__preinit_array_start = .)
 *(.preinit_array*)
                0x00000000080032f8                PROVIDE (__preinit_array_end = .)

.init_array     0x00000000080032f8        0x4
                0x00000000080032f8                PROVIDE (__init_array_start = .)
 *(SORT_BY_NAME(.init_array.*))
 *(.init_array*)
 .init_array    0x00000000080032f8        0x4 c:/users/hviei/appdata/roaming/xpacks/@xpack-dev-tools/arm-none-eabi-gcc/9.3.1-1.2.1/.content/bin/../lib/gcc/arm-none-eabi/9.3.1/thumb/v7-m/nofp/crtbegin.o
                0x00000000080032fc                PROVIDE (__init_array_end = .)

.fini_array     0x00000000080032fc        0x4
                [!provide]                        PROVIDE (__fini_array_start = .)
 *(SORT_BY_NAME(.fini_array.*))
 *(.fini_array*)
 .fini_array    0x00000000080032fc        0x4 c:/users/hviei/appdata/roaming/xpacks/@xpack-dev-tools/arm-none-eabi-gcc/9.3.1-1.2.1/.content/bin/../lib/gcc/arm-none-eabi/9.3.1/thumb/v7-m/nofp/crtbegin.o
                [!provide]                        PROVIDE (__fini_array_end = .)
                0x0000000008003300                _sidata = LOADADDR (.data)

.data           0x0000000020000000       0x1c load address 0x0000000008003300
                0x0000000020000000                . = ALIGN (0x4)
                0x0000000020000000                _sdata = .
 *(.data)
 *(.data*)
 .data.xFreeBytesRemaining
                0x0000000020000000        0x4 ./FreeRTOS/Source/portable/GCC/MemMang/heap_2.o
 .data.uxCriticalNesting
                0x0000000020000004        0x4 ./FreeRTOS/Source/portable/GCC/ARM_CM3/port.o
 .data.GPIO_PORT
                0x0000000020000008       0x10 ./stm32f4_discovery.o
                0x0000000020000008                GPIO_PORT
 .data.SystemCoreClock
                0x0000000020000018        0x4 ./system_stm32f4xx.o
                0x0000000020000018                SystemCoreClock
                0x000000002000001c                . = ALIGN (0x4)
                0x000000002000001c                _edata = .
                0x000000000800331c                _siccmram = LOADADDR (.ccmram)

.igot.plt       0x000000002000001c        0x0 load address 0x000000000800331c
 .igot.plt      0x000000002000001c        0x0 c:/users/hviei/appdata/roaming/xpacks/@xpack-dev-tools/arm-none-eabi-gcc/9.3.1-1.2.1/.content/bin/../lib/gcc/arm-none-eabi/9.3.1/thumb/v7-m/nofp/crtbegin.o

.ccmram         0x0000000010000000        0x0 load address 0x000000000800331c
                0x0000000010000000                . = ALIGN (0x4)
                0x0000000010000000                _sccmram = .
 *(.ccmram)
 *(.ccmram*)
                0x0000000010000000                . = ALIGN (0x4)
                0x0000000010000000                _eccmram = .
                0x0000000010000000                . = ALIGN (0x4)

.bss            0x000000002000001c    0x12dc8
                0x000000002000001c                _sbss = .
                0x000000002000001c                __bss_start__ = _sbss
 *(.bss)
 *(.bss*)
 .bss.completed.8914
                0x000000002000001c        0x1 c:/users/hviei/appdata/roaming/xpacks/@xpack-dev-tools/arm-none-eabi-gcc/9.3.1-1.2.1/.content/bin/../lib/gcc/arm-none-eabi/9.3.1/thumb/v7-m/nofp/crtbegin.o
 *fill*         0x000000002000001d        0x3 
 .bss.object.8919
                0x0000000020000020       0x18 c:/users/hviei/appdata/roaming/xpacks/@xpack-dev-tools/arm-none-eabi-gcc/9.3.1-1.2.1/.content/bin/../lib/gcc/arm-none-eabi/9.3.1/thumb/v7-m/nofp/crtbegin.o
 .bss.ucHeap    0x0000000020000038    0x12c00 ./FreeRTOS/Source/portable/GCC/MemMang/heap_2.o
 .bss.xStart    0x0000000020012c38        0x8 ./FreeRTOS/Source/portable/GCC/MemMang/heap_2.o
 .bss.xEnd      0x0000000020012c40        0x8 ./FreeRTOS/Source/portable/GCC/MemMang/heap_2.o
 .bss.xHeapHasBeenInitialised.5203
                0x0000000020012c48        0x4 ./FreeRTOS/Source/portable/GCC/MemMang/heap_2.o
 .bss.ucMaxSysCallPriority
                0x0000000020012c4c        0x1 ./FreeRTOS/Source/portable/GCC/ARM_CM3/port.o
 *fill*         0x0000000020012c4d        0x3 
 .bss.ulMaxPRIGROUPValue
                0x0000000020012c50        0x4 ./FreeRTOS/Source/portable/GCC/ARM_CM3/port.o
 .bss.pxCurrentTCB
                0x0000000020012c54        0x4 ./FreeRTOS/Source/tasks.o
                0x0000000020012c54                pxCurrentTCB
 .bss.pxReadyTasksLists
                0x0000000020012c58       0x64 ./FreeRTOS/Source/tasks.o
 .bss.xDelayedTaskList1
                0x0000000020012cbc       0x14 ./FreeRTOS/Source/tasks.o
 .bss.xDelayedTaskList2
                0x0000000020012cd0       0x14 ./FreeRTOS/Source/tasks.o
 .bss.pxDelayedTaskList
                0x0000000020012ce4        0x4 ./FreeRTOS/Source/tasks.o
 .bss.pxOverflowDelayedTaskList
                0x0000000020012ce8        0x4 ./FreeRTOS/Source/tasks.o
 .bss.xPendingReadyList
                0x0000000020012cec       0x14 ./FreeRTOS/Source/tasks.o
 .bss.xTasksWaitingTermination
                0x0000000020012d00       0x14 ./FreeRTOS/Source/tasks.o
 .bss.uxDeletedTasksWaitingCleanUp
                0x0000000020012d14        0x4 ./FreeRTOS/Source/tasks.o
 .bss.xSuspendedTaskList
                0x0000000020012d18       0x14 ./FreeRTOS/Source/tasks.o
 .bss.uxCurrentNumberOfTasks
                0x0000000020012d2c        0x4 ./FreeRTOS/Source/tasks.o
 .bss.xTickCount
                0x0000000020012d30        0x4 ./FreeRTOS/Source/tasks.o
 .bss.uxTopReadyPriority
                0x0000000020012d34        0x4 ./FreeRTOS/Source/tasks.o
 .bss.xSchedulerRunning
                0x0000000020012d38        0x4 ./FreeRTOS/Source/tasks.o
 .bss.xPendedTicks
                0x0000000020012d3c        0x4 ./FreeRTOS/Source/tasks.o
 .bss.xYieldPending
                0x0000000020012d40        0x4 ./FreeRTOS/Source/tasks.o
 .bss.xNumOfOverflows
                0x0000000020012d44        0x4 ./FreeRTOS/Source/tasks.o
 .bss.uxTaskNumber
                0x0000000020012d48        0x4 ./FreeRTOS/Source/tasks.o
 .bss.xNextTaskUnblockTime
                0x0000000020012d4c        0x4 ./FreeRTOS/Source/tasks.o
 .bss.xIdleTaskHandle
                0x0000000020012d50        0x4 ./FreeRTOS/Source/tasks.o
 .bss.uxSchedulerSuspended
                0x0000000020012d54        0x4 ./FreeRTOS/Source/tasks.o
 .bss.xActiveTimerList1
                0x0000000020012d58       0x14 ./FreeRTOS/Source/timers.o
 .bss.xActiveTimerList2
                0x0000000020012d6c       0x14 ./FreeRTOS/Source/timers.o
 .bss.pxCurrentTimerList
                0x0000000020012d80        0x4 ./FreeRTOS/Source/timers.o
 .bss.pxOverflowTimerList
                0x0000000020012d84        0x4 ./FreeRTOS/Source/timers.o
 .bss.xTimerQueue
                0x0000000020012d88        0x4 ./FreeRTOS/Source/timers.o
 .bss.xTimerTaskHandle
                0x0000000020012d8c        0x4 ./FreeRTOS/Source/timers.o
 .bss.xLastTime.5515
                0x0000000020012d90        0x4 ./FreeRTOS/Source/timers.o
 .bss.xSemFree  0x0000000020012d94        0x4 ./semphr_FreeRTOS_qemu.o
                0x0000000020012d94                xSemFree
 .bss.xSemFull  0x0000000020012d98        0x4 ./semphr_FreeRTOS_qemu.o
                0x0000000020012d98                xSemFull
 *(COMMON)
 COMMON         0x0000000020012d9c       0x40 ./FreeRTOS/Source/queue.o
                0x0000000020012d9c                xQueueRegistry
 COMMON         0x0000000020012ddc        0x8 ./semphr_FreeRTOS_qemu.o
                0x0000000020012ddc                buffer
                0x0000000020012de4                . = ALIGN (0x4)
                0x0000000020012de4                _ebss = .
                0x0000000020012de4                __bss_end__ = _ebss

._user_heap_stack
                0x0000000020012de4      0x600
                0x0000000020012de4                . = ALIGN (0x4)
                [!provide]                        PROVIDE (end = .)
                [!provide]                        PROVIDE (_end = .)
                0x0000000020012fe4                . = (. + _Min_Heap_Size)
 *fill*         0x0000000020012de4      0x200 
                0x00000000200133e4                . = (. + _Min_Stack_Size)
 *fill*         0x0000000020012fe4      0x400 
                0x00000000200133e4                . = ALIGN (0x4)

/DISCARD/
 libc.a(*)
 libm.a(*)
 libgcc.a(*)

.ARM.attributes
                0x0000000000000000       0x2f
 *(.ARM.attributes)
 .ARM.attributes
                0x0000000000000000       0x1d c:/users/hviei/appdata/roaming/xpacks/@xpack-dev-tools/arm-none-eabi-gcc/9.3.1-1.2.1/.content/bin/../lib/gcc/arm-none-eabi/9.3.1/thumb/v7-m/nofp/crti.o
 .ARM.attributes
                0x000000000000001d       0x2d c:/users/hviei/appdata/roaming/xpacks/@xpack-dev-tools/arm-none-eabi-gcc/9.3.1-1.2.1/.content/bin/../lib/gcc/arm-none-eabi/9.3.1/thumb/v7-m/nofp/crtbegin.o
 .ARM.attributes
                0x000000000000004a       0x2d ./Libraries/STM32F4xx_HAL_Driver/Src/stm32f4xx_hal_gpio.o
 .ARM.attributes
                0x0000000000000077       0x2d ./FreeRTOS/Source/portable/GCC/MemMang/heap_2.o
 .ARM.attributes
                0x00000000000000a4       0x2d ./FreeRTOS/Source/portable/GCC/ARM_CM3/port.o
 .ARM.attributes
                0x00000000000000d1       0x2d ./FreeRTOS/Source/list.o
 .ARM.attributes
                0x00000000000000fe       0x2d ./FreeRTOS/Source/queue.o
 .ARM.attributes
                0x000000000000012b       0x2d ./FreeRTOS/Source/tasks.o
 .ARM.attributes
                0x0000000000000158       0x2d ./FreeRTOS/Source/timers.o
 .ARM.attributes
                0x0000000000000185       0x2d ./semphr_FreeRTOS_qemu.o
 .ARM.attributes
                0x00000000000001b2       0x21 ./startup_stm32f407xx.o
 .ARM.attributes
                0x00000000000001d3       0x2d ./stm32f4_discovery.o
 .ARM.attributes
                0x0000000000000200       0x2d ./system_stm32f4xx.o
 .ARM.attributes
                0x000000000000022d       0x2d c:/users/hviei/appdata/roaming/xpacks/@xpack-dev-tools/arm-none-eabi-gcc/9.3.1-1.2.1/.content/bin/../lib/gcc/arm-none-eabi/9.3.1/../../../../arm-none-eabi/lib/thumb/v7-m/nofp\libg_nano.a(lib_a-init.o)
 .ARM.attributes
                0x000000000000025a       0x2d c:/users/hviei/appdata/roaming/xpacks/@xpack-dev-tools/arm-none-eabi-gcc/9.3.1-1.2.1/.content/bin/../lib/gcc/arm-none-eabi/9.3.1/../../../../arm-none-eabi/lib/thumb/v7-m/nofp\libg_nano.a(lib_a-memcpy-stub.o)
 .ARM.attributes
                0x0000000000000287       0x2d c:/users/hviei/appdata/roaming/xpacks/@xpack-dev-tools/arm-none-eabi-gcc/9.3.1-1.2.1/.content/bin/../lib/gcc/arm-none-eabi/9.3.1/../../../../arm-none-eabi/lib/thumb/v7-m/nofp\libg_nano.a(lib_a-memset.o)
 .ARM.attributes
                0x00000000000002b4       0x1d c:/users/hviei/appdata/roaming/xpacks/@xpack-dev-tools/arm-none-eabi-gcc/9.3.1-1.2.1/.content/bin/../lib/gcc/arm-none-eabi/9.3.1/thumb/v7-m/nofp/crtn.o
OUTPUT(semphr_FreeRTOS_qemu.elf elf32-littlearm)
LOAD linker stubs
LOAD c:/users/hviei/appdata/roaming/xpacks/@xpack-dev-tools/arm-none-eabi-gcc/9.3.1-1.2.1/.content/bin/../lib/gcc/arm-none-eabi/9.3.1/../../../../arm-none-eabi/lib/thumb/v7-m/nofp\libc.a
LOAD c:/users/hviei/appdata/roaming/xpacks/@xpack-dev-tools/arm-none-eabi-gcc/9.3.1-1.2.1/.content/bin/../lib/gcc/arm-none-eabi/9.3.1/../../../../arm-none-eabi/lib/thumb/v7-m/nofp\libm.a
LOAD c:/users/hviei/appdata/roaming/xpacks/@xpack-dev-tools/arm-none-eabi-gcc/9.3.1-1.2.1/.content/bin/../lib/gcc/arm-none-eabi/9.3.1/thumb/v7-m/nofp\libgcc.a

.debug_info     0x0000000000000000     0xa346
 .debug_info    0x0000000000000000      0x7d7 ./Libraries/STM32F4xx_HAL_Driver/Src/stm32f4xx_hal_gpio.o
 .debug_info    0x00000000000007d7      0xbf4 ./FreeRTOS/Source/portable/GCC/MemMang/heap_2.o
 .debug_info    0x00000000000013cb      0x501 ./FreeRTOS/Source/portable/GCC/ARM_CM3/port.o
 .debug_info    0x00000000000018cc      0xbe1 ./FreeRTOS/Source/list.o
 .debug_info    0x00000000000024ad     0x2003 ./FreeRTOS/Source/queue.o
 .debug_info    0x00000000000044b0     0x2956 ./FreeRTOS/Source/tasks.o
 .debug_info    0x0000000000006e06     0x15ae ./FreeRTOS/Source/timers.o
 .debug_info    0x00000000000083b4      0x4a6 ./semphr_FreeRTOS_qemu.o
 .debug_info    0x000000000000885a       0x22 ./startup_stm32f407xx.o
 .debug_info    0x000000000000887c     0x157d ./stm32f4_discovery.o
 .debug_info    0x0000000000009df9      0x54d ./system_stm32f4xx.o

.debug_abbrev   0x0000000000000000     0x18d5
 .debug_abbrev  0x0000000000000000      0x1f1 ./Libraries/STM32F4xx_HAL_Driver/Src/stm32f4xx_hal_gpio.o
 .debug_abbrev  0x00000000000001f1      0x296 ./FreeRTOS/Source/portable/GCC/MemMang/heap_2.o
 .debug_abbrev  0x0000000000000487      0x241 ./FreeRTOS/Source/portable/GCC/ARM_CM3/port.o
 .debug_abbrev  0x00000000000006c8      0x235 ./FreeRTOS/Source/list.o
 .debug_abbrev  0x00000000000008fd      0x371 ./FreeRTOS/Source/queue.o
 .debug_abbrev  0x0000000000000c6e      0x3d6 ./FreeRTOS/Source/tasks.o
 .debug_abbrev  0x0000000000001044      0x33b ./FreeRTOS/Source/timers.o
 .debug_abbrev  0x000000000000137f      0x16b ./semphr_FreeRTOS_qemu.o
 .debug_abbrev  0x00000000000014ea       0x12 ./startup_stm32f407xx.o
 .debug_abbrev  0x00000000000014fc      0x2b0 ./stm32f4_discovery.o
 .debug_abbrev  0x00000000000017ac      0x129 ./system_stm32f4xx.o

.debug_aranges  0x0000000000000000      0x6a8
 .debug_aranges
                0x0000000000000000       0x58 ./Libraries/STM32F4xx_HAL_Driver/Src/stm32f4xx_hal_gpio.o
 .debug_aranges
                0x0000000000000058       0x40 ./FreeRTOS/Source/portable/GCC/MemMang/heap_2.o
 .debug_aranges
                0x0000000000000098       0x78 ./FreeRTOS/Source/portable/GCC/ARM_CM3/port.o
 .debug_aranges
                0x0000000000000110       0x40 ./FreeRTOS/Source/list.o
 .debug_aranges
                0x0000000000000150      0x130 ./FreeRTOS/Source/queue.o
 .debug_aranges
                0x0000000000000280      0x1f8 ./FreeRTOS/Source/tasks.o
 .debug_aranges
                0x0000000000000478       0xd8 ./FreeRTOS/Source/timers.o
 .debug_aranges
                0x0000000000000550       0x30 ./semphr_FreeRTOS_qemu.o
 .debug_aranges
                0x0000000000000580       0x28 ./startup_stm32f407xx.o
 .debug_aranges
                0x00000000000005a8       0xd8 ./stm32f4_discovery.o
 .debug_aranges
                0x0000000000000680       0x28 ./system_stm32f4xx.o

.debug_ranges   0x0000000000000000      0x600
 .debug_ranges  0x0000000000000000       0x48 ./Libraries/STM32F4xx_HAL_Driver/Src/stm32f4xx_hal_gpio.o
 .debug_ranges  0x0000000000000048       0x30 ./FreeRTOS/Source/portable/GCC/MemMang/heap_2.o
 .debug_ranges  0x0000000000000078       0x68 ./FreeRTOS/Source/portable/GCC/ARM_CM3/port.o
 .debug_ranges  0x00000000000000e0       0x30 ./FreeRTOS/Source/list.o
 .debug_ranges  0x0000000000000110      0x120 ./FreeRTOS/Source/queue.o
 .debug_ranges  0x0000000000000230      0x1e8 ./FreeRTOS/Source/tasks.o
 .debug_ranges  0x0000000000000418       0xc8 ./FreeRTOS/Source/timers.o
 .debug_ranges  0x00000000000004e0       0x20 ./semphr_FreeRTOS_qemu.o
 .debug_ranges  0x0000000000000500       0x20 ./startup_stm32f407xx.o
 .debug_ranges  0x0000000000000520       0xc8 ./stm32f4_discovery.o
 .debug_ranges  0x00000000000005e8       0x18 ./system_stm32f4xx.o

.debug_macro    0x0000000000000000     0x2a7e
 .debug_macro   0x0000000000000000      0x1e7 ./Libraries/STM32F4xx_HAL_Driver/Src/stm32f4xx_hal_gpio.o
 .debug_macro   0x00000000000001e7      0x1b5 ./FreeRTOS/Source/portable/GCC/MemMang/heap_2.o
 .debug_macro   0x000000000000039c       0x18 ./FreeRTOS/Source/portable/GCC/MemMang/heap_2.o
 .debug_macro   0x00000000000003b4       0x64 ./FreeRTOS/Source/portable/GCC/MemMang/heap_2.o
 .debug_macro   0x0000000000000418       0x94 ./FreeRTOS/Source/portable/GCC/MemMang/heap_2.o
 .debug_macro   0x00000000000004ac       0x35 ./FreeRTOS/Source/portable/GCC/MemMang/heap_2.o
 .debug_macro   0x00000000000004e1       0x34 ./FreeRTOS/Source/portable/GCC/MemMang/heap_2.o
 .debug_macro   0x0000000000000515       0x16 ./FreeRTOS/Source/portable/GCC/MemMang/heap_2.o
 .debug_macro   0x000000000000052b      0x10e ./FreeRTOS/Source/portable/GCC/MemMang/heap_2.o
 .debug_macro   0x0000000000000639       0x8d ./FreeRTOS/Source/portable/GCC/MemMang/heap_2.o
 .debug_macro   0x00000000000006c6       0x16 ./FreeRTOS/Source/portable/GCC/MemMang/heap_2.o
 .debug_macro   0x00000000000006dc       0x43 ./FreeRTOS/Source/portable/GCC/MemMang/heap_2.o
 .debug_macro   0x000000000000071f       0x57 ./FreeRTOS/Source/portable/GCC/MemMang/heap_2.o
 .debug_macro   0x0000000000000776       0x34 ./FreeRTOS/Source/portable/GCC/MemMang/heap_2.o
 .debug_macro   0x00000000000007aa       0x10 ./FreeRTOS/Source/portable/GCC/MemMang/heap_2.o
 .debug_macro   0x00000000000007ba       0x58 ./FreeRTOS/Source/portable/GCC/MemMang/heap_2.o
 .debug_macro   0x0000000000000812      0x182 ./FreeRTOS/Source/portable/GCC/MemMang/heap_2.o
 .debug_macro   0x0000000000000994      0x339 ./FreeRTOS/Source/portable/GCC/MemMang/heap_2.o
 .debug_macro   0x0000000000000ccd       0x16 ./FreeRTOS/Source/portable/GCC/MemMang/heap_2.o
 .debug_macro   0x0000000000000ce3       0x29 ./FreeRTOS/Source/portable/GCC/MemMang/heap_2.o
 .debug_macro   0x0000000000000d0c      0x144 ./FreeRTOS/Source/portable/GCC/MemMang/heap_2.o
 .debug_macro   0x0000000000000e50      0x15a ./FreeRTOS/Source/portable/GCC/MemMang/heap_2.o
 .debug_macro   0x0000000000000faa       0xcf ./FreeRTOS/Source/portable/GCC/MemMang/heap_2.o
 .debug_macro   0x0000000000001079       0x1c ./FreeRTOS/Source/portable/GCC/MemMang/heap_2.o
 .debug_macro   0x0000000000001095       0x26 ./FreeRTOS/Source/portable/GCC/MemMang/heap_2.o
 .debug_macro   0x00000000000010bb      0x41e ./FreeRTOS/Source/portable/GCC/MemMang/heap_2.o
 .debug_macro   0x00000000000014d9       0xb5 ./FreeRTOS/Source/portable/GCC/MemMang/heap_2.o
 .debug_macro   0x000000000000158e      0x119 ./FreeRTOS/Source/portable/GCC/MemMang/heap_2.o
 .debug_macro   0x00000000000016a7      0x182 ./FreeRTOS/Source/portable/GCC/ARM_CM3/port.o
 .debug_macro   0x0000000000001829      0x194 ./FreeRTOS/Source/list.o
 .debug_macro   0x00000000000019bd      0x218 ./FreeRTOS/Source/queue.o
 .debug_macro   0x0000000000001bd5       0x16 ./FreeRTOS/Source/queue.o
 .debug_macro   0x0000000000001beb       0x35 ./FreeRTOS/Source/queue.o
 .debug_macro   0x0000000000001c20       0x80 ./FreeRTOS/Source/queue.o
 .debug_macro   0x0000000000001ca0      0x27b ./FreeRTOS/Source/tasks.o
 .debug_macro   0x0000000000001f1b       0x91 ./FreeRTOS/Source/tasks.o
 .debug_macro   0x0000000000001fac       0x10 ./FreeRTOS/Source/tasks.o
 .debug_macro   0x0000000000001fbc      0x1dd ./FreeRTOS/Source/timers.o
 .debug_macro   0x0000000000002199       0x97 ./FreeRTOS/Source/timers.o
 .debug_macro   0x0000000000002230      0x25a ./semphr_FreeRTOS_qemu.o
 .debug_macro   0x000000000000248a      0x1e1 ./semphr_FreeRTOS_qemu.o
 .debug_macro   0x000000000000266b       0x7e ./semphr_FreeRTOS_qemu.o
 .debug_macro   0x00000000000026e9      0x1de ./stm32f4_discovery.o
 .debug_macro   0x00000000000028c7      0x1b7 ./system_stm32f4xx.o

.debug_line     0x0000000000000000     0x75dc
 .debug_line    0x0000000000000000      0xb03 ./Libraries/STM32F4xx_HAL_Driver/Src/stm32f4xx_hal_gpio.o
 .debug_line    0x0000000000000b03      0x681 ./FreeRTOS/Source/portable/GCC/MemMang/heap_2.o
 .debug_line    0x0000000000001184      0x781 ./FreeRTOS/Source/portable/GCC/ARM_CM3/port.o
 .debug_line    0x0000000000001905      0x61b ./FreeRTOS/Source/list.o
 .debug_line    0x0000000000001f20     0x14ad ./FreeRTOS/Source/queue.o
 .debug_line    0x00000000000033cd     0x1c17 ./FreeRTOS/Source/tasks.o
 .debug_line    0x0000000000004fe4      0xb76 ./FreeRTOS/Source/timers.o
 .debug_line    0x0000000000005b5a      0x8c0 ./semphr_FreeRTOS_qemu.o
 .debug_line    0x000000000000641a       0x77 ./startup_stm32f407xx.o
 .debug_line    0x0000000000006491      0xa21 ./stm32f4_discovery.o
 .debug_line    0x0000000000006eb2      0x72a ./system_stm32f4xx.o

.debug_str      0x0000000000000000    0xc8049
 .debug_str     0x0000000000000000    0xbac31 ./Libraries/STM32F4xx_HAL_Driver/Src/stm32f4xx_hal_gpio.o
                                      0xbaefc (size before relaxing)
 .debug_str     0x00000000000bac31     0x7628 ./FreeRTOS/Source/portable/GCC/MemMang/heap_2.o
                                       0xb6ad (size before relaxing)
 .debug_str     0x00000000000c2259      0x759 ./FreeRTOS/Source/portable/GCC/ARM_CM3/port.o
                                       0x8db3 (size before relaxing)
 .debug_str     0x00000000000c29b2      0x12c ./FreeRTOS/Source/list.o
                                       0xa29d (size before relaxing)
 .debug_str     0x00000000000c2ade     0x101d ./FreeRTOS/Source/queue.o
                                       0xc48c (size before relaxing)
 .debug_str     0x00000000000c3afb     0x1b7b ./FreeRTOS/Source/tasks.o
                                       0xd12d (size before relaxing)
 .debug_str     0x00000000000c5676      0x545 ./FreeRTOS/Source/timers.o
                                       0xc8bc (size before relaxing)
 .debug_str     0x00000000000c5bbb     0x14d3 ./semphr_FreeRTOS_qemu.o
                                      0xc0e4f (size before relaxing)
 .debug_str     0x00000000000c708e       0x27 ./startup_stm32f407xx.o
                                         0x63 (size before relaxing)
 .debug_str     0x00000000000c70b5      0xed9 ./stm32f4_discovery.o
                                      0xbc97d (size before relaxing)
 .debug_str     0x00000000000c7f8e       0xbb ./system_stm32f4xx.o
                                      0xbacb2 (size before relaxing)

.comment        0x0000000000000000       0x43
 .comment       0x0000000000000000       0x43 ./Libraries/STM32F4xx_HAL_Driver/Src/stm32f4xx_hal_gpio.o
                                         0x44 (size before relaxing)
 .comment       0x0000000000000043       0x44 ./FreeRTOS/Source/portable/GCC/MemMang/heap_2.o
 .comment       0x0000000000000043       0x44 ./FreeRTOS/Source/portable/GCC/ARM_CM3/port.o
 .comment       0x0000000000000043       0x44 ./FreeRTOS/Source/list.o
 .comment       0x0000000000000043       0x44 ./FreeRTOS/Source/queue.o
 .comment       0x0000000000000043       0x44 ./FreeRTOS/Source/tasks.o
 .comment       0x0000000000000043       0x44 ./FreeRTOS/Source/timers.o
 .comment       0x0000000000000043       0x44 ./semphr_FreeRTOS_qemu.o
 .comment       0x0000000000000043       0x44 ./stm32f4_discovery.o
 .comment       0x0000000000000043       0x44 ./system_stm32f4xx.o

.debug_frame    0x0000000000000000     0x1a5c
 .debug_frame   0x0000000000000000      0x14c ./Libraries/STM32F4xx_HAL_Driver/Src/stm32f4xx_hal_gpio.o
 .debug_frame   0x000000000000014c       0xc0 ./FreeRTOS/Source/portable/GCC/MemMang/heap_2.o
 .debug_frame   0x000000000000020c      0x198 ./FreeRTOS/Source/portable/GCC/ARM_CM3/port.o
 .debug_frame   0x00000000000003a4       0xd8 ./FreeRTOS/Source/list.o
 .debug_frame   0x000000000000047c      0x534 ./FreeRTOS/Source/queue.o
 .debug_frame   0x00000000000009b0      0x894 ./FreeRTOS/Source/tasks.o
 .debug_frame   0x0000000000001244      0x38c ./FreeRTOS/Source/timers.o
 .debug_frame   0x00000000000015d0       0x70 ./semphr_FreeRTOS_qemu.o
 .debug_frame   0x0000000000001640      0x350 ./stm32f4_discovery.o
 .debug_frame   0x0000000000001990       0x58 ./system_stm32f4xx.o
 .debug_frame   0x00000000000019e8       0x2c c:/users/hviei/appdata/roaming/xpacks/@xpack-dev-tools/arm-none-eabi-gcc/9.3.1-1.2.1/.content/bin/../lib/gcc/arm-none-eabi/9.3.1/../../../../arm-none-eabi/lib/thumb/v7-m/nofp\libg_nano.a(lib_a-init.o)
 .debug_frame   0x0000000000001a14       0x28 c:/users/hviei/appdata/roaming/xpacks/@xpack-dev-tools/arm-none-eabi-gcc/9.3.1-1.2.1/.content/bin/../lib/gcc/arm-none-eabi/9.3.1/../../../../arm-none-eabi/lib/thumb/v7-m/nofp\libg_nano.a(lib_a-memcpy-stub.o)
 .debug_frame   0x0000000000001a3c       0x20 c:/users/hviei/appdata/roaming/xpacks/@xpack-dev-tools/arm-none-eabi-gcc/9.3.1-1.2.1/.content/bin/../lib/gcc/arm-none-eabi/9.3.1/../../../../arm-none-eabi/lib/thumb/v7-m/nofp\libg_nano.a(lib_a-memset.o)
